Archive member included to satisfy reference by file (symbol)

C:/Users/simim/Documents/ARM-GNU/bin/../lib/gcc/arm-none-eabi/14.2.1/thumb/v7e-m/nofp\libgcc.a(_arm_muldf3.o)
                              CMakeFiles/CLionTest.elf.dir/Core/Src/AHT20.c.obj (__aeabi_dmul)
C:/Users/simim/Documents/ARM-GNU/bin/../lib/gcc/arm-none-eabi/14.2.1/thumb/v7e-m/nofp\libgcc.a(_arm_mulsf3.o)
                              CMakeFiles/CLionTest.elf.dir/Core/Src/system_stm32h7xx.c.obj (__aeabi_fmul)
C:/Users/simim/Documents/ARM-GNU/bin/../lib/gcc/arm-none-eabi/14.2.1/thumb/v7e-m/nofp\libgcc.a(_arm_addsubdf3.o)
                              CMakeFiles/CLionTest.elf.dir/Core/Src/AHT20.c.obj (__aeabi_dsub)
C:/Users/simim/Documents/ARM-GNU/bin/../lib/gcc/arm-none-eabi/14.2.1/thumb/v7e-m/nofp\libgcc.a(_arm_muldivdf3.o)
                              CMakeFiles/CLionTest.elf.dir/Core/Src/AHT20.c.obj (__aeabi_ddiv)
C:/Users/simim/Documents/ARM-GNU/bin/../lib/gcc/arm-none-eabi/14.2.1/thumb/v7e-m/nofp\libgcc.a(_arm_fixdfsi.o)
                              CMakeFiles/CLionTest.elf.dir/Core/Src/main.c.obj (__aeabi_d2iz)
C:/Users/simim/Documents/ARM-GNU/bin/../lib/gcc/arm-none-eabi/14.2.1/thumb/v7e-m/nofp\libgcc.a(_arm_fixunsdfsi.o)
                              CMakeFiles/CLionTest.elf.dir/Core/Src/SDCard.c.obj (__aeabi_d2uiz)
C:/Users/simim/Documents/ARM-GNU/bin/../lib/gcc/arm-none-eabi/14.2.1/thumb/v7e-m/nofp\libgcc.a(_arm_truncdfsf2.o)
                              CMakeFiles/CLionTest.elf.dir/Core/Src/AHT20.c.obj (__aeabi_d2f)
C:/Users/simim/Documents/ARM-GNU/bin/../lib/gcc/arm-none-eabi/14.2.1/thumb/v7e-m/nofp\libgcc.a(_arm_addsubsf3.o)
                              CMakeFiles/CLionTest.elf.dir/Core/Src/system_stm32h7xx.c.obj (__aeabi_fadd)
C:/Users/simim/Documents/ARM-GNU/bin/../lib/gcc/arm-none-eabi/14.2.1/thumb/v7e-m/nofp\libgcc.a(_arm_muldivsf3.o)
                              CMakeFiles/CLionTest.elf.dir/Core/Src/system_stm32h7xx.c.obj (__aeabi_fdiv)
C:/Users/simim/Documents/ARM-GNU/bin/../lib/gcc/arm-none-eabi/14.2.1/thumb/v7e-m/nofp\libgcc.a(_arm_fixunssfsi.o)
                              CMakeFiles/CLionTest.elf.dir/Core/Src/system_stm32h7xx.c.obj (__aeabi_f2uiz)
C:/Users/simim/Documents/ARM-GNU/bin/../lib/gcc/arm-none-eabi/14.2.1/thumb/v7e-m/nofp\libgcc.a(_aeabi_uldivmod.o)
                              CMakeFiles/CLionTest.elf.dir/Drivers/STM32H7xx_HAL_Driver/Src/stm32h7xx_hal_uart.c.obj (__aeabi_uldivmod)
C:/Users/simim/Documents/ARM-GNU/bin/../lib/gcc/arm-none-eabi/14.2.1/thumb/v7e-m/nofp\libgcc.a(_udivmoddi4.o)
                              C:/Users/simim/Documents/ARM-GNU/bin/../lib/gcc/arm-none-eabi/14.2.1/thumb/v7e-m/nofp\libgcc.a(_aeabi_uldivmod.o) (__udivmoddi4)
C:/Users/simim/Documents/ARM-GNU/bin/../lib/gcc/arm-none-eabi/14.2.1/thumb/v7e-m/nofp\libgcc.a(_dvmd_tls.o)
                              C:/Users/simim/Documents/ARM-GNU/bin/../lib/gcc/arm-none-eabi/14.2.1/thumb/v7e-m/nofp\libgcc.a(_aeabi_uldivmod.o) (__aeabi_ldiv0)
C:/Users/simim/Documents/ARM-GNU/bin/../lib/gcc/arm-none-eabi/14.2.1/thumb/v7e-m/nofp\libc.a(libc_a-exit.o)
                              C:/Users/simim/Documents/ARM-GNU/bin/../lib/gcc/arm-none-eabi/14.2.1/thumb/v7e-m/nofp/crt0.o (exit)
C:/Users/simim/Documents/ARM-GNU/bin/../lib/gcc/arm-none-eabi/14.2.1/thumb/v7e-m/nofp\libc.a(libc_a-findfp.o)
                              C:/Users/simim/Documents/ARM-GNU/bin/../lib/gcc/arm-none-eabi/14.2.1/thumb/v7e-m/nofp\libc.a(libc_a-exit.o) (__stdio_exit_handler)
C:/Users/simim/Documents/ARM-GNU/bin/../lib/gcc/arm-none-eabi/14.2.1/thumb/v7e-m/nofp\libc.a(libc_a-fwalk.o)
                              C:/Users/simim/Documents/ARM-GNU/bin/../lib/gcc/arm-none-eabi/14.2.1/thumb/v7e-m/nofp\libc.a(libc_a-findfp.o) (_fwalk_sglue)
C:/Users/simim/Documents/ARM-GNU/bin/../lib/gcc/arm-none-eabi/14.2.1/thumb/v7e-m/nofp\libc.a(libc_a-printf.o)
                              CMakeFiles/CLionTest.elf.dir/Core/Src/ILI9341.c.obj (printf)
C:/Users/simim/Documents/ARM-GNU/bin/../lib/gcc/arm-none-eabi/14.2.1/thumb/v7e-m/nofp\libc.a(libc_a-puts.o)
                              CMakeFiles/CLionTest.elf.dir/Core/Src/main.c.obj (puts)
C:/Users/simim/Documents/ARM-GNU/bin/../lib/gcc/arm-none-eabi/14.2.1/thumb/v7e-m/nofp\libc.a(libc_a-sprintf.o)
                              CMakeFiles/CLionTest.elf.dir/Core/Src/SDCard.c.obj (sprintf)
C:/Users/simim/Documents/ARM-GNU/bin/../lib/gcc/arm-none-eabi/14.2.1/thumb/v7e-m/nofp\libc.a(libc_a-stdio.o)
                              C:/Users/simim/Documents/ARM-GNU/bin/../lib/gcc/arm-none-eabi/14.2.1/thumb/v7e-m/nofp\libc.a(libc_a-findfp.o) (__sread)
C:/Users/simim/Documents/ARM-GNU/bin/../lib/gcc/arm-none-eabi/14.2.1/thumb/v7e-m/nofp\libc.a(libc_a-memset.o)
                              C:/Users/simim/Documents/ARM-GNU/bin/../lib/gcc/arm-none-eabi/14.2.1/thumb/v7e-m/nofp/crt0.o (memset)
C:/Users/simim/Documents/ARM-GNU/bin/../lib/gcc/arm-none-eabi/14.2.1/thumb/v7e-m/nofp\libc.a(libc_a-closer.o)
[...]
Memory Configuration

Name             Origin             Length             Attributes
ITCMRAM          0x00000000         0x00010000         xrw
FLASH            0x08000000         0x00020000         xr
DTCMRAM1         0x20000000         0x00010000         xrw
DTCMRAM2         0x20010000         0x00010000         xrw
RAM              0x24000000         0x00100000         xrw
RAM_CD           0x30000000         0x00020000         xrw
RAM_SRD          0x38000000         0x00008000         xrw
*default*        0x00000000         0xffffffff

Linker script and memory map

LOAD C:/Users/simim/Documents/ARM-GNU/bin/../lib/gcc/arm-none-eabi/14.2.1/thumb/v7e-m/nofp/crti.o
LOAD C:/Users/simim/Documents/ARM-GNU/bin/../lib/gcc/arm-none-eabi/14.2.1/thumb/v7e-m/nofp/crtbegin.o
LOAD C:/Users/simim/Documents/ARM-GNU/bin/../lib/gcc/arm-none-eabi/14.2.1/thumb/v7e-m/nofp/crt0.o
LOAD CMakeFiles/CLionTest.elf.dir/Core/Inc/Fonts/ssd1306_fonts.c.obj
LOAD CMakeFiles/CLionTest.elf.dir/Core/Src/ADC.c.obj
LOAD CMakeFiles/CLionTest.elf.dir/Core/Src/AHT20.c.obj
LOAD CMakeFiles/CLionTest.elf.dir/Core/Src/ILI9341.c.obj
LOAD CMakeFiles/CLionTest.elf.dir/Core/Src/ILI9341_InitFunctions.c.obj
LOAD CMakeFiles/CLionTest.elf.dir/Core/Src/LED.c.obj
LOAD CMakeFiles/CLionTest.elf.dir/Core/Src/LED_Matrix.c.obj
LOAD CMakeFiles/CLionTest.elf.dir/Core/Src/Realtime.c.obj
LOAD CMakeFiles/CLionTest.elf.dir/Core/Src/SDCard.c.obj
LOAD CMakeFiles/CLionTest.elf.dir/Core/Src/SSD1306.c.obj
LOAD CMakeFiles/CLionTest.elf.dir/Core/Src/UserInput.c.obj
LOAD CMakeFiles/CLionTest.elf.dir/Core/Src/W25Qxx_QSPI.c.obj
LOAD CMakeFiles/CLionTest.elf.dir/Core/Src/WS2812.c.obj
LOAD CMakeFiles/CLionTest.elf.dir/Core/Src/dma.c.obj
LOAD CMakeFiles/CLionTest.elf.dir/Core/Src/fdcan.c.obj
LOAD CMakeFiles/CLionTest.elf.dir/Core/Src/gpio.c.obj
LOAD CMakeFiles/CLionTest.elf.dir/Core/Src/i2c.c.obj
LOAD CMakeFiles/CLionTest.elf.dir/Core/Src/main.c.obj
LOAD CMakeFiles/CLionTest.elf.dir/Core/Src/memorymap.c.obj
LOAD CMakeFiles/CLionTest.elf.dir/Core/Src/octospi.c.obj
LOAD CMakeFiles/CLionTest.elf.dir/Core/Src/sdmmc.c.obj
LOAD CMakeFiles/CLionTest.elf.dir/Core/Src/spi.c.obj
LOAD CMakeFiles/CLionTest.elf.dir/Core/Src/stm32h7xx_hal_msp.c.obj
LOAD CMakeFiles/CLionTest.elf.dir/Core/Src/stm32h7xx_it.c.obj
LOAD CMakeFiles/CLionTest.elf.dir/Core/Src/syscalls.c.obj
LOAD CMakeFiles/CLionTest.elf.dir/Core/Src/sysmem.c.obj
LOAD CMakeFiles/CLionTest.elf.dir/Core/Src/system_stm32h7xx.c.obj
LOAD CMakeFiles/CLionTest.elf.dir/Core/Src/tim.c.obj
LOAD CMakeFiles/CLionTest.elf.dir/Core/Src/usart.c.obj
LOAD CMakeFiles/CLionTest.elf.dir/Core/Startup/startup_stm32h7b0vbtx.s.obj
LOAD CMakeFiles/CLionTest.elf.dir/Drivers/STM32H7xx_HAL_Driver/Src/stm32h7xx_hal.c.obj
LOAD CMakeFiles/CLionTest.elf.dir/Drivers/STM32H7xx_HAL_Driver/Src/stm32h7xx_hal_adc.c.obj
LOAD CMakeFiles/CLionTest.elf.dir/Drivers/STM32H7xx_HAL_Driver/Src/stm32h7xx_hal_adc_ex.c.obj
LOAD CMakeFiles/CLionTest.elf.dir/Drivers/STM32H7xx_HAL_Driver/Src/stm32h7xx_hal_cortex.c.obj
LOAD CMakeFiles/CLionTest.elf.dir/Drivers/STM32H7xx_HAL_Driver/Src/stm32h7xx_hal_dma.c.obj
LOAD CMakeFiles/CLionTest.elf.dir/Drivers/STM32H7xx_HAL_Driver/Src/stm32h7xx_hal_dma_ex.c.obj
LOAD CMakeFiles/CLionTest.elf.dir/Drivers/STM32H7xx_HAL_Driver/Src/stm32h7xx_hal_exti.c.obj
LOAD CMakeFiles/CLionTest.elf.dir/Drivers/STM32H7xx_HAL_Driver/Src/stm32h7xx_hal_fdcan.c.obj
LOAD CMakeFiles/CLionTest.elf.dir/Drivers/STM32H7xx_HAL_Driver/Src/stm32h7xx_hal_flash.c.obj
LOAD CMakeFiles/CLionTest.elf.dir/Drivers/STM32H7xx_HAL_Driver/Src/stm32h7xx_hal_flash_ex.c.obj
LOAD CMakeFiles/CLionTest.elf.dir/Drivers/STM32H7xx_HAL_Driver/Src/stm32h7xx_hal_gpio.c.obj
LOAD CMakeFiles/CLionTest.elf.dir/Drivers/STM32H7xx_HAL_Driver/Src/stm32h7xx_hal_hsem.c.obj
LOAD CMakeFiles/CLionTest.elf.dir/Drivers/STM32H7xx_HAL_Driver/Src/stm32h7xx_hal_i2c.c.obj
LOAD CMakeFiles/CLionTest.elf.dir/Drivers/STM32H7xx_HAL_Driver/Src/stm32h7xx_hal_i2c_ex.c.obj
LOAD CMakeFiles/CLionTest.elf.dir/Drivers/STM32H7xx_HAL_Driver/Src/stm32h7xx_hal_mdma.c.obj
LOAD CMakeFiles/CLionTest.elf.dir/Drivers/STM32H7xx_HAL_Driver/Src/stm32h7xx_hal_mmc.c.obj
LOAD CMakeFiles/CLionTest.elf.dir/Drivers/STM32H7xx_HAL_Driver/Src/stm32h7xx_hal_mmc_ex.c.obj
LOAD CMakeFiles/CLionTest.elf.dir/Drivers/STM32H7xx_HAL_Driver/Src/stm32h7xx_hal_ospi.c.obj
LOAD CMakeFiles/CLionTest.elf.dir/Drivers/STM32H7xx_HAL_Driver/Src/stm32h7xx_hal_pwr.c.obj
LOAD CMakeFiles/CLionTest.elf.dir/Drivers/STM32H7xx_HAL_Driver/Src/stm32h7xx_hal_pwr_ex.c.obj
LOAD CMakeFiles/CLionTest.elf.dir/Drivers/STM32H7xx_HAL_Driver/Src/stm32h7xx_hal_rcc.c.obj
LOAD CMakeFiles/CLionTest.elf.dir/Drivers/STM32H7xx_HAL_Driver/Src/stm32h7xx_hal_rcc_ex.c.obj
LOAD CMakeFiles/CLionTest.elf.dir/Drivers/STM32H7xx_HAL_Driver/Src/stm32h7xx_hal_sd.c.obj
LOAD CMakeFiles/CLionTest.elf.dir/Drivers/STM32H7xx_HAL_Driver/Src/stm32h7xx_hal_sd_ex.c.obj
LOAD CMakeFiles/CLionTest.elf.dir/Drivers/STM32H7xx_HAL_Driver/Src/stm32h7xx_hal_spi.c.obj
LOAD CMakeFiles/CLionTest.elf.dir/Drivers/STM32H7xx_HAL_Driver/Src/stm32h7xx_hal_spi_ex.c.obj
LOAD CMakeFiles/CLionTest.elf.dir/Drivers/STM32H7xx_HAL_Driver/Src/stm32h7xx_hal_tim.c.obj
LOAD CMakeFiles/CLionTest.elf.dir/Drivers/STM32H7xx_HAL_Driver/Src/stm32h7xx_hal_tim_ex.c.obj
LOAD CMakeFiles/CLionTest.elf.dir/Drivers/STM32H7xx_HAL_Driver/Src/stm32h7xx_hal_uart.c.obj
LOAD CMakeFiles/CLionTest.elf.dir/Drivers/STM32H7xx_HAL_Driver/Src/stm32h7xx_hal_uart_ex.c.obj
LOAD CMakeFiles/CLionTest.elf.dir/Drivers/STM32H7xx_HAL_Driver/Src/stm32h7xx_ll_delayblock.c.obj
LOAD CMakeFiles/CLionTest.elf.dir/Drivers/STM32H7xx_HAL_Driver/Src/stm32h7xx_ll_sdmmc.c.obj
LOAD CMakeFiles/CLionTest.elf.dir/FATFS/App/fatfs.c.obj
LOAD CMakeFiles/CLionTest.elf.dir/FATFS/Target/bsp_driver_sd.c.obj
LOAD CMakeFiles/CLionTest.elf.dir/FATFS/Target/sd_diskio.c.obj
LOAD CMakeFiles/CLionTest.elf.dir/Middlewares/Third_Party/FatFs/src/diskio.c.obj
LOAD CMakeFiles/CLionTest.elf.dir/Middlewares/Third_Party/FatFs/src/ff.c.obj
LOAD CMakeFiles/CLionTest.elf.dir/Middlewares/Third_Party/FatFs/src/ff_gen_drv.c.obj
LOAD CMakeFiles/CLionTest.elf.dir/Middlewares/Third_Party/FatFs/src/option/ccsbcs.c.obj
LOAD CMakeFiles/CLionTest.elf.dir/Middlewares/Third_Party/FatFs/src/option/syscall.c.obj
START GROUP
LOAD C:/Users/simim/Documents/ARM-GNU/bin/../lib/gcc/arm-none-eabi/14.2.1/thumb/v7e-m/nofp\libgcc.a
LOAD C:/Users/simim/Documents/ARM-GNU/bin/../lib/gcc/arm-none-eabi/14.2.1/thumb/v7e-m/nofp\libc.a
END GROUP
LOAD C:/Users/simim/Documents/ARM-GNU/bin/../lib/gcc/arm-none-eabi/14.2.1/thumb/v7e-m/nofp/crtend.o
LOAD C:/Users/simim/Documents/ARM-GNU/bin/../lib/gcc/arm-none-eabi/14.2.1/thumb/v7e-m/nofp/crtn.o
                0x24100000                        _estack = (ORIGIN (RAM) + LENGTH (RAM))
                0x00000200                        _Min_Heap_Size = 0x200
                0x00000400                        _Min_Stack_Size = 0x400

.isr_vector     0x08000000      0x2ac
                0x08000000                        . = ALIGN (0x4)
 *(.isr_vector)
 .isr_vector    0x08000000      0x2ac CMakeFiles/CLionTest.elf.dir/Core/Startup/startup_stm32h7b0vbtx.s.obj
                0x08000000                g_pfnVectors
                0x080002ac                        . = ALIGN (0x4)

.text           0x080002c0    0x1b128
                0x080002c0                        . = ALIGN (0x4)
 *(.text)
 .text          0x080002c0      0x378 C:/Users/simim/Documents/ARM-GNU/bin/../lib/gcc/arm-none-eabi/14.2.1/thumb/v7e-m/nofp\libgcc.a(_arm_addsubdf3.o)
                0x080002c0                __aeabi_drsub
                0x080002c8                __aeabi_dsub
                0x080002c8                __subdf3
                0x080002cc                __aeabi_dadd
                0x080002cc                __adddf3
                0x08000544                __floatunsidf
                0x08000544                __aeabi_ui2d
                0x08000564                __floatsidf
                0x08000564                __aeabi_i2d
                0x08000588                __aeabi_f2d
                0x08000588                __extendsfdf2
                0x080005cc                __floatundidf
                0x080005cc                __aeabi_ul2d
                0x080005dc                __floatdidf
                0x080005dc                __aeabi_l2d
 .text          0x08000638      0x424 C:/Users/simim/Documents/ARM-GNU/bin/../lib/gcc/arm-none-eabi/14.2.1/thumb/v7e-m/nofp\libgcc.a(_arm_muldivdf3.o)
                0x08000638                __aeabi_dmul
                0x08000638                __muldf3
                0x0800088c                __divdf3
                0x0800088c                __aeabi_ddiv
 .text          0x08000a5c       0x50 C:/Users/simim/Documents/ARM-GNU/bin/../lib/gcc/arm-none-eabi/14.2.1/thumb/v7e-m/nofp\libgcc.a(_arm_fixdfsi.o)
                0x08000a5c                __aeabi_d2iz
                0x08000a5c                __fixdfsi
 .text          0x08000aac       0x40 C:/Users/simim/Documents/ARM-GNU/bin/../lib/gcc/arm-none-eabi/14.2.1/thumb/v7e-m/nofp\libgcc.a(_arm_fixunsdfsi.o)
                0x08000aac                __aeabi_d2uiz
                0x08000aac                __fixunsdfsi
 .text          0x08000aec       0xa0 C:/Users/simim/Documents/ARM-GNU/bin/../lib/gcc/arm-none-eabi/14.2.1/thumb/v7e-m/nofp\libgcc.a(_arm_truncdfsf2.o)
                0x08000aec                __truncdfsf2
                0x08000aec                __aeabi_d2f
 .text          0x08000b8c      0x21c C:/Users/simim/Documents/ARM-GNU/bin/../lib/gcc/arm-none-eabi/14.2.1/thumb/v7e-m/nofp\libgcc.a(_arm_addsubsf3.o)
                0x08000b8c                __aeabi_frsub
                0x08000b94                __subsf3
                0x08000b94                __aeabi_fsub
                0x08000b98                __aeabi_fadd
                0x08000b98                __addsf3
                0x08000cf8                __aeabi_ui2f
                0x08000cf8                __floatunsisf
                0x08000d00                __aeabi_i2f
                0x08000d00                __floatsisf
                0x08000d1c                __aeabi_ul2f
                0x08000d1c                __floatundisf
                0x08000d2c                __aeabi_l2f
                0x08000d2c                __floatdisf
 .text          0x08000da8      0x2a0 C:/Users/simim/Documents/ARM-GNU/bin/../lib/gcc/arm-none-eabi/14.2.1/thumb/v7e-m/nofp\libgcc.a(_arm_muldivsf3.o)
                0x08000da8                __mulsf3
                0x08000da8                __aeabi_fmul
                0x08000f10                __aeabi_fdiv
                0x08000f10                __divsf3
 .text          0x08001048       0x40 C:/Users/simim/Documents/ARM-GNU/bin/../lib/gcc/arm-none-eabi/14.2.1/thumb/v7e-m/nofp\libgcc.a(_arm_fixunssfsi.o)
                0x08001048                __fixunssfsi
                0x08001048                __aeabi_f2uiz
 .text          0x08001088       0x30 C:/Users/simim/Documents/ARM-GNU/bin/../lib/gcc/arm-none-eabi/14.2.1/thumb/v7e-m/nofp\libgcc.a(_aeabi_uldivmod.o)
                0x08001088                __aeabi_uldivmod
 .text          0x080010b8        0x4 C:/Users/simim/Documents/ARM-GNU/bin/../lib/gcc/arm-none-eabi/14.2.1/thumb/v7e-m/nofp\libgcc.a(_dvmd_tls.o)
                0x080010b8                __aeabi_idiv0
                0x080010b8                __aeabi_ldiv0
 .text          0x080010bc      0x134 C:/Users/simim/Documents/ARM-GNU/bin/../lib/gcc/arm-none-eabi/14.2.1/thumb/v7e-m/nofp\libc.a(libc_a-memcpy.o)
                0x080010bc                memcpy
 *fill*         0x080011f0       0x10 
 .text          0x08001200       0xd8 C:/Users/simim/Documents/ARM-GNU/bin/../lib/gcc/arm-none-eabi/14.2.1/thumb/v7e-m/nofp\libc.a(libc_a-strlen.o)
                0x08001200                strlen
 *fill*         0x080012d8        0x8 
 .text          0x080012e0       0xa0 C:/Users/simim/Documents/ARM-GNU/bin/../lib/gcc/arm-none-eabi/14.2.1/thumb/v7e-m/nofp\libc.a(libc_a-memchr.o)
                0x080012e0                memchr
 .text          0x08001380      0x110 C:/Users/simim/Documents/ARM-GNU/bin/../lib/gcc/arm-none-eabi/14.2.1/thumb/v7e-m/nofp\libgcc.a(_arm_cmpdf2.o)
                0x08001380                __gtdf2
                0x08001380                __gedf2
                0x08001388                __ltdf2
                0x08001388                __ledf2
                0x08001390                __nedf2
                0x08001390                __eqdf2
                0x08001390                __cmpdf2
                0x0800140c                __aeabi_cdrcmple
                0x0800141c                __aeabi_cdcmpeq
                0x0800141c                __aeabi_cdcmple
                0x0800142c                __aeabi_dcmpeq
                0x08001440                __aeabi_dcmplt
                0x08001454                __aeabi_dcmple
                0x08001468                __aeabi_dcmpge
                0x0800147c                __aeabi_dcmpgt
 .text          0x08001490       0x2c C:/Users/simim/Documents/ARM-GNU/bin/../lib/gcc/arm-none-eabi/14.2.1/thumb/v7e-m/nofp\libgcc.a(_arm_unorddf2.o)
                0x08001490                __unorddf2
                0x08001490                __aeabi_dcmpun
 *(.text*)
 .text.deregister_tm_clones
                0x080014bc       0x1c C:/Users/simim/Documents/ARM-GNU/bin/../lib/gcc/arm-none-eabi/14.2.1/thumb/v7e-m/nofp/crtbegin.o
 .text.register_tm_clones
                0x080014d8       0x24 C:/Users/simim/Documents/ARM-GNU/bin/../lib/gcc/arm-none-eabi/14.2.1/thumb/v7e-m/nofp/crtbegin.o
 .text.__do_global_dtors_aux
                0x080014fc       0x28 C:/Users/simim/Documents/ARM-GNU/bin/../lib/gcc/arm-none-eabi/14.2.1/thumb/v7e-m/nofp/crtbegin.o
 .text.frame_dummy
                0x08001524       0x24 C:/Users/simim/Documents/ARM-GNU/bin/../lib/gcc/arm-none-eabi/14.2.1/thumb/v7e-m/nofp/crtbegin.o
 .text.MX_ADC1_Init
                0x08001548      0x100 CMakeFiles/CLionTest.elf.dir/Core/Src/ADC.c.obj
                0x08001548                MX_ADC1_Init
 .text.HAL_ADC_MspInit
                0x08001648       0xe8 CMakeFiles/CLionTest.elf.dir/Core/Src/ADC.c.obj
                0x08001648                HAL_ADC_MspInit
 .text.UpdatePotiValues
                0x08001730       0x6c CMakeFiles/CLionTest.elf.dir/Core/Src/ADC.c.obj
                0x08001730                UpdatePotiValues
 *fill*         0x0800179c        0x4 
 .text.AHT20_Read
                0x080017a0      0x130 CMakeFiles/CLionTest.elf.dir/Core/Src/AHT20.c.obj
                0x080017a0                AHT20_Read
 .text.ILI9341_ChipSelect
                0x080018d0       0x1c CMakeFiles/CLionTest.elf.dir/Core/Src/ILI9341.c.obj
                0x080018d0                ILI9341_ChipSelect
 .text.ILI9341_ChipDeselect
                0x080018ec       0x1c CMakeFiles/CLionTest.elf.dir/Core/Src/ILI9341.c.obj
                0x080018ec                ILI9341_ChipDeselect
 .text.ILI9341_SetCommand
                0x08001908       0x1c CMakeFiles/CLionTest.elf.dir/Core/Src/ILI9341.c.obj
                0x08001908                ILI9341_SetCommand
 .text.ILI9341_SetData
                0x08001924       0x1c CMakeFiles/CLionTest.elf.dir/Core/Src/ILI9341.c.obj
                0x08001924                ILI9341_SetData
 .text.ILI9341_SendCommand
                0x08001940       0x30 CMakeFiles/CLionTest.elf.dir/Core/Src/ILI9341.c.obj
                0x08001940                ILI9341_SendCommand
 .text.ILI9341_SendCommandWithParam_8Bit
                0x08001970       0x48 CMakeFiles/CLionTest.elf.dir/Core/Src/ILI9341.c.obj
                0x08001970                ILI9341_SendCommandWithParam_8Bit
 .text.ILI9341_SendData
                0x080019b8       0x2c CMakeFiles/CLionTest.elf.dir/Core/Src/ILI9341.c.obj
                0x080019b8                ILI9341_SendData
 .text.ILI9341_DisplayOn
                0x080019e4       0x10 CMakeFiles/CLionTest.elf.dir/Core/Src/ILI9341.c.obj
                0x080019e4                ILI9341_DisplayOn
 .text.ILI9341_SetAddress
                0x080019f4       0x4a CMakeFiles/CLionTest.elf.dir/Core/Src/ILI9341.c.obj
                0x080019f4                ILI9341_SetAddress
 *fill*         0x08001a3e        0x2 
 .text.ILI9341_DrawColourBurst
                0x08001a40       0x90 CMakeFiles/CLionTest.elf.dir/Core/Src/ILI9341.c.obj
                0x08001a40                ILI9341_DrawColourBurst
 .text.ILI9341_FillScreen
                0x08001ad0       0x2c CMakeFiles/CLionTest.elf.dir/Core/Src/ILI9341.c.obj
                0x08001ad0                ILI9341_FillScreen
 .text.ILI9341_SetRotation
                0x08001afc       0x8c CMakeFiles/CLionTest.elf.dir/Core/Src/ILI9341.c.obj
                0x08001afc                ILI9341_SetRotation
 .text.ILI9341_begin
                0x08001b88       0xfc CMakeFiles/CLionTest.elf.dir/Core/Src/ILI9341.c.obj
                0x08001b88                ILI9341_begin
 .text.ILI9341_SetOrientation
                0x08001c84       0xb4 CMakeFiles/CLionTest.elf.dir/Core/Src/ILI9341.c.obj
                0x08001c84                ILI9341_SetOrientation
 .text.ILI9341_DrawRectangle
                0x08001d38       0x38 CMakeFiles/CLionTest.elf.dir/Core/Src/ILI9341.c.obj
                0x08001d38                ILI9341_DrawRectangle
 .text.ILI9341_fillRect
                0x08001d70       0x3c CMakeFiles/CLionTest.elf.dir/Core/Src/ILI9341.c.obj
                0x08001d70                ILI9341_fillRect
 .text.ILI9341_DrawPixel
                0x08001dac       0x2a CMakeFiles/CLionTest.elf.dir/Core/Src/ILI9341.c.obj
                0x08001dac                ILI9341_DrawPixel
 .text.ILI9341_DrawImage
                0x08001dd6       0x3e CMakeFiles/CLionTest.elf.dir/Core/Src/ILI9341.c.obj
                0x08001dd6                ILI9341_DrawImage
 .text.ILI9341_DrawChar
                0x08001e14       0xa4 CMakeFiles/CLionTest.elf.dir/Core/Src/ILI9341.c.obj
                0x08001e14                ILI9341_DrawChar
 .text.ILI9341_DrawText
                0x08001eb8       0x54 CMakeFiles/CLionTest.elf.dir/Core/Src/ILI9341.c.obj
                0x08001eb8                ILI9341_DrawText
 .text.ILI9341_DrawBinaryFile
                0x08001f0c       0xe8 CMakeFiles/CLionTest.elf.dir/Core/Src/ILI9341.c.obj
                0x08001f0c                ILI9341_DrawBinaryFile
 .text.Power_Control_A
                0x08001ff4       0x24 CMakeFiles/CLionTest.elf.dir/Core/Src/ILI9341_InitFunctions.c.obj
                0x08001ff4                Power_Control_A
 .text.Power_Control_B
                0x08002018       0x28 CMakeFiles/CLionTest.elf.dir/Core/Src/ILI9341_InitFunctions.c.obj
                0x08002018                Power_Control_B
 .text.Power_On_Sequence_Control
                0x08002040       0x20 CMakeFiles/CLionTest.elf.dir/Core/Src/ILI9341_InitFunctions.c.obj
                0x08002040                Power_On_Sequence_Control
 .text.DriverTimingControl_A
                0x08002060       0x28 CMakeFiles/CLionTest.elf.dir/Core/Src/ILI9341_InitFunctions.c.obj
                0x08002060                DriverTimingControl_A
 .text.PumpRatioControl
                0x08002088       0x1a CMakeFiles/CLionTest.elf.dir/Core/Src/ILI9341_InitFunctions.c.obj
                0x08002088                PumpRatioControl
 .text.DriverTimingControl_B
                0x080020a2       0x1a CMakeFiles/CLionTest.elf.dir/Core/Src/ILI9341_InitFunctions.c.obj
                0x080020a2                DriverTimingControl_B
 .text.PowerControl_1
                0x080020bc       0x1a CMakeFiles/CLionTest.elf.dir/Core/Src/ILI9341_InitFunctions.c.obj
                0x080020bc                PowerControl_1
 .text.PowerControl_2
                0x080020d6       0x1a CMakeFiles/CLionTest.elf.dir/Core/Src/ILI9341_InitFunctions.c.obj
                0x080020d6                PowerControl_2
 .text.VCOM_Control_1
                0x080020f0       0x1c CMakeFiles/CLionTest.elf.dir/Core/Src/ILI9341_InitFunctions.c.obj
                0x080020f0                VCOM_Control_1
 .text.VCOM_Control_2
                0x0800210c       0x1a CMakeFiles/CLionTest.elf.dir/Core/Src/ILI9341_InitFunctions.c.obj
                0x0800210c                VCOM_Control_2
 .text.MemoryAccessControl
                0x08002126       0x1a CMakeFiles/CLionTest.elf.dir/Core/Src/ILI9341_InitFunctions.c.obj
                0x08002126                MemoryAccessControl
 .text.COLMOD_PixelFormatSet
                0x08002140       0x1a CMakeFiles/CLionTest.elf.dir/Core/Src/ILI9341_InitFunctions.c.obj
                0x08002140                COLMOD_PixelFormatSet
 .text.FrameRateControl
                0x0800215a       0x1c CMakeFiles/CLionTest.elf.dir/Core/Src/ILI9341_InitFunctions.c.obj
                0x0800215a                FrameRateControl
 *fill*         0x08002176        0x2 
 .text.DisplayFunctionControl
                0x08002178       0x28 CMakeFiles/CLionTest.elf.dir/Core/Src/ILI9341_InitFunctions.c.obj
                0x08002178                DisplayFunctionControl
 .text.Enable3G
                0x080021a0       0x1a CMakeFiles/CLionTest.elf.dir/Core/Src/ILI9341_InitFunctions.c.obj
                0x080021a0                Enable3G
 .text.GammaSet
                0x080021ba       0x18 CMakeFiles/CLionTest.elf.dir/Core/Src/ILI9341_InitFunctions.c.obj
                0x080021ba                GammaSet
 *fill*         0x080021d2        0x2 
 .text.PositiveGammaCorrection
                0x080021d4       0x2c CMakeFiles/CLionTest.elf.dir/Core/Src/ILI9341_InitFunctions.c.obj
                0x080021d4                PositiveGammaCorrection
 .text.NegativeGammaCorrection
                0x08002200       0x2c CMakeFiles/CLionTest.elf.dir/Core/Src/ILI9341_InitFunctions.c.obj
                0x08002200                NegativeGammaCorrection
 .text.SleepOut
                0x0800222c       0x10 CMakeFiles/CLionTest.elf.dir/Core/Src/ILI9341_InitFunctions.c.obj
                0x0800222c                SleepOut
 .text.LEDM_CS_H
                0x0800223c       0x14 CMakeFiles/CLionTest.elf.dir/Core/Src/LED_Matrix.c.obj
                0x0800223c                LEDM_CS_H
 .text.LEDM_CS_L
                0x08002250       0x14 CMakeFiles/CLionTest.elf.dir/Core/Src/LED_Matrix.c.obj
                0x08002250                LEDM_CS_L
 .text.LED_Matrix_send_command
                0x08002264       0x2c CMakeFiles/CLionTest.elf.dir/Core/Src/LED_Matrix.c.obj
                0x08002264                LED_Matrix_send_command
 .text.LED_Matrix_set_mode
                0x08002290       0x14 CMakeFiles/CLionTest.elf.dir/Core/Src/LED_Matrix.c.obj
                0x08002290                LED_Matrix_set_mode
 .text.LED_Matrix_draw_row
                0x080022a4       0x12 CMakeFiles/CLionTest.elf.dir/Core/Src/LED_Matrix.c.obj
                0x080022a4                LED_Matrix_draw_row
 .text.LED_Matrix_reset
                0x080022b6       0x1c CMakeFiles/CLionTest.elf.dir/Core/Src/LED_Matrix.c.obj
                0x080022b6                LED_Matrix_reset
 .text.LED_Matrix_set_intensity
                0x080022d2       0x12 CMakeFiles/CLionTest.elf.dir/Core/Src/LED_Matrix.c.obj
                0x080022d2                LED_Matrix_set_intensity
 .text.LED_Matrix_setup
                0x080022e4       0x48 CMakeFiles/CLionTest.elf.dir/Core/Src/LED_Matrix.c.obj
                0x080022e4                LED_Matrix_setup
 .text.Realtime_Init
                0x0800232c       0x10 CMakeFiles/CLionTest.elf.dir/Core/Src/Realtime.c.obj
                0x0800232c                Realtime_Init
 .text.Realtime_Loop
                0x0800233c       0x34 CMakeFiles/CLionTest.elf.dir/Core/Src/Realtime.c.obj
                0x0800233c                Realtime_Loop
 .text.mountSD  0x08002370       0x64 CMakeFiles/CLionTest.elf.dir/Core/Src/SDCard.c.obj
                0x08002370                mountSD
 .text.unmountSD
                0x080023d4       0x5c CMakeFiles/CLionTest.elf.dir/Core/Src/SDCard.c.obj
                0x080023d4                unmountSD
 .text.ssd1306_WriteCommand
                0x08002430       0x2c CMakeFiles/CLionTest.elf.dir/Core/Src/SSD1306.c.obj
                0x08002430                ssd1306_WriteCommand
 .text.ssd1306_WriteData
                0x0800245c       0x28 CMakeFiles/CLionTest.elf.dir/Core/Src/SSD1306.c.obj
                0x0800245c                ssd1306_WriteData
 .text.ssd1306_Fill
                0x08002484       0x1c CMakeFiles/CLionTest.elf.dir/Core/Src/SSD1306.c.obj
                0x08002484                ssd1306_Fill
 .text.ssd1306_UpdateScreen
                0x080024a0       0x38 CMakeFiles/CLionTest.elf.dir/Core/Src/SSD1306.c.obj
                0x080024a0                ssd1306_UpdateScreen
 .text.ssd1306_SetDisplayOn
                0x080024d8       0x20 CMakeFiles/CLionTest.elf.dir/Core/Src/SSD1306.c.obj
                0x080024d8                ssd1306_SetDisplayOn
 .text.ssd1306_SetContrast
                0x080024f8       0x12 CMakeFiles/CLionTest.elf.dir/Core/Src/SSD1306.c.obj
                0x080024f8                ssd1306_SetContrast
 *fill*         0x0800250a        0x2 
 .text.ssd1306_Init
                0x0800250c       0xc0 CMakeFiles/CLionTest.elf.dir/Core/Src/SSD1306.c.obj
                0x0800250c                ssd1306_Init
 .text.ssd1306_DrawPixel
                0x080025cc       0x50 CMakeFiles/CLionTest.elf.dir/Core/Src/SSD1306.c.obj
                0x080025cc                ssd1306_DrawPixel
 .text.ssd1306_SetCursor
                0x0800261c        0xc CMakeFiles/CLionTest.elf.dir/Core/Src/SSD1306.c.obj
                0x0800261c                ssd1306_SetCursor
 .text.ssd1306_WriteChar
                0x08002628       0xc0 CMakeFiles/CLionTest.elf.dir/Core/Src/SSD1306.c.obj
                0x08002628                ssd1306_WriteChar
 .text.ssd1306_WriteString
                0x080026e8       0x30 CMakeFiles/CLionTest.elf.dir/Core/Src/SSD1306.c.obj
                0x080026e8                ssd1306_WriteString
 .text.HandleFlanke
                0x08002718       0x40 CMakeFiles/CLionTest.elf.dir/Core/Src/UserInput.c.obj
                0x08002718                HandleFlanke
 .text.HandleDebouncedUserInput
                0x08002758       0x98 CMakeFiles/CLionTest.elf.dir/Core/Src/UserInput.c.obj
                0x08002758                HandleDebouncedUserInput
 .text.HandlePendingUserInput
                0x080027f0       0xa0 CMakeFiles/CLionTest.elf.dir/Core/Src/UserInput.c.obj
                0x080027f0                HandlePendingUserInput
 .text.ResetFlanken
                0x08002890       0x34 CMakeFiles/CLionTest.elf.dir/Core/Src/UserInput.c.obj
                0x08002890                ResetFlanken
 .text.HandleUserInputInterrupt
                0x080028c4       0xc4 CMakeFiles/CLionTest.elf.dir/Core/Src/UserInput.c.obj
                0x080028c4                HandleUserInputInterrupt
 .text.UserInput_Interrupt
                0x08002988       0x48 CMakeFiles/CLionTest.elf.dir/Core/Src/UserInput.c.obj
                0x08002988                UserInput_Interrupt
 .text.HandleMDSLeft
                0x080029d0       0x54 CMakeFiles/CLionTest.elf.dir/Core/Src/UserInput.c.obj
                0x080029d0                HandleMDSLeft
 .text.WS2812_SetLED
                0x08002a24       0x18 CMakeFiles/CLionTest.elf.dir/Core/Src/WS2812.c.obj
                0x08002a24                WS2812_SetLED
 *fill*         0x08002a3c        0x4 
 .text.WS2812_SetBrightness
                0x08002a40       0x84 CMakeFiles/CLionTest.elf.dir/Core/Src/WS2812.c.obj
                0x08002a40                WS2812_SetBrightness
 *fill*         0x08002ac4        0x4 
 .text.WS2812_Send
                0x08002ac8       0xe8 CMakeFiles/CLionTest.elf.dir/Core/Src/WS2812.c.obj
                0x08002ac8                WS2812_Send
 .text.HAL_TIM_PWM_PulseFinishedCallback
                0x08002bb0       0x1c CMakeFiles/CLionTest.elf.dir/Core/Src/WS2812.c.obj
                0x08002bb0                HAL_TIM_PWM_PulseFinishedCallback
 .text.MX_DMA_Init
                0x08002bcc       0x38 CMakeFiles/CLionTest.elf.dir/Core/Src/dma.c.obj
                0x08002bcc                MX_DMA_Init
 .text.MX_FDCAN1_Init
                0x08002c04       0x5c CMakeFiles/CLionTest.elf.dir/Core/Src/fdcan.c.obj
                0x08002c04                MX_FDCAN1_Init
 .text.HAL_FDCAN_MspInit
                0x08002c60       0xa0 CMakeFiles/CLionTest.elf.dir/Core/Src/fdcan.c.obj
                0x08002c60                HAL_FDCAN_MspInit
 .text.MX_GPIO_Init
                0x08002d00      0x17c CMakeFiles/CLionTest.elf.dir/Core/Src/gpio.c.obj
                0x08002d00                MX_GPIO_Init
 .text.MX_I2C1_Init
                0x08002e7c       0x58 CMakeFiles/CLionTest.elf.dir/Core/Src/i2c.c.obj
                0x08002e7c                MX_I2C1_Init
 .text.MX_I2C2_Init
                0x08002ed4       0x58 CMakeFiles/CLionTest.elf.dir/Core/Src/i2c.c.obj
                0x08002ed4                MX_I2C2_Init
 .text.HAL_I2C_MspInit
                0x08002f2c      0x108 CMakeFiles/CLionTest.elf.dir/Core/Src/i2c.c.obj
                0x08002f2c                HAL_I2C_MspInit
 .text.MPU_Config
                0x08003034       0x52 CMakeFiles/CLionTest.elf.dir/Core/Src/main.c.obj
 *fill*         0x08003086        0x2 
 .text.__io_putchar
                0x08003088       0x20 CMakeFiles/CLionTest.elf.dir/Core/Src/main.c.obj
                0x08003088                __io_putchar
 .text.HAL_GPIO_EXTI_Callback
                0x080030a8        0x8 CMakeFiles/CLionTest.elf.dir/Core/Src/main.c.obj
                0x080030a8                HAL_GPIO_EXTI_Callback
 .text.HAL_TIM_PeriodElapsedCallback
                0x080030b0       0x48 CMakeFiles/CLionTest.elf.dir/Core/Src/main.c.obj
                0x080030b0                HAL_TIM_PeriodElapsedCallback
 .text.Error_Handler
                0x080030f8        0x4 CMakeFiles/CLionTest.elf.dir/Core/Src/main.c.obj
                0x080030f8                Error_Handler
 .text.SystemClock_Config
                0x080030fc       0xb4 CMakeFiles/CLionTest.elf.dir/Core/Src/main.c.obj
                0x080030fc                SystemClock_Config
 .text.main     0x080031b0      0x470 CMakeFiles/CLionTest.elf.dir/Core/Src/main.c.obj
                0x080031b0                main
 .text.MX_OCTOSPI1_Init
                0x08003620       0x7c CMakeFiles/CLionTest.elf.dir/Core/Src/octospi.c.obj
                0x08003620                MX_OCTOSPI1_Init
 .text.HAL_OSPI_MspInit
                0x0800369c      0x158 CMakeFiles/CLionTest.elf.dir/Core/Src/octospi.c.obj
                0x0800369c                HAL_OSPI_MspInit
 .text.MX_SDMMC1_SD_Init
                0x080037f4       0x20 CMakeFiles/CLionTest.elf.dir/Core/Src/sdmmc.c.obj
                0x080037f4                MX_SDMMC1_SD_Init
 .text.HAL_SD_MspInit
                0x08003814       0xec CMakeFiles/CLionTest.elf.dir/Core/Src/sdmmc.c.obj
                0x08003814                HAL_SD_MspInit
 .text.MX_SPI1_Init
                0x08003900       0x58 CMakeFiles/CLionTest.elf.dir/Core/Src/spi.c.obj
                0x08003900                MX_SPI1_Init
 .text.MX_SPI4_Init
                0x08003958       0x58 CMakeFiles/CLionTest.elf.dir/Core/Src/spi.c.obj
                0x08003958                MX_SPI4_Init
 .text.HAL_SPI_MspInit
                0x080039b0      0x174 CMakeFiles/CLionTest.elf.dir/Core/Src/spi.c.obj
                0x080039b0                HAL_SPI_MspInit
 .text.HAL_MspInit
                0x08003b24       0x24 CMakeFiles/CLionTest.elf.dir/Core/Src/stm32h7xx_hal_msp.c.obj
                0x08003b24                HAL_MspInit
 .text.NMI_Handler
                0x08003b48        0x2 CMakeFiles/CLionTest.elf.dir/Core/Src/stm32h7xx_it.c.obj
                0x08003b48                NMI_Handler
 .text.HardFault_Handler
                0x08003b4a        0x2 CMakeFiles/CLionTest.elf.dir/Core/Src/stm32h7xx_it.c.obj
                0x08003b4a                HardFault_Handler
 .text.MemManage_Handler
                0x08003b4c        0x2 CMakeFiles/CLionTest.elf.dir/Core/Src/stm32h7xx_it.c.obj
                0x08003b4c                MemManage_Handler
 .text.BusFault_Handler
                0x08003b4e        0x2 CMakeFiles/CLionTest.elf.dir/Core/Src/stm32h7xx_it.c.obj
                0x08003b4e                BusFault_Handler
 .text.UsageFault_Handler
                0x08003b50        0x2 CMakeFiles/CLionTest.elf.dir/Core/Src/stm32h7xx_it.c.obj
                0x08003b50                UsageFault_Handler
 .text.SVC_Handler
                0x08003b52        0x2 CMakeFiles/CLionTest.elf.dir/Core/Src/stm32h7xx_it.c.obj
                0x08003b52                SVC_Handler
 .text.DebugMon_Handler
                0x08003b54        0x2 CMakeFiles/CLionTest.elf.dir/Core/Src/stm32h7xx_it.c.obj
                0x08003b54                DebugMon_Handler
 .text.PendSV_Handler
                0x08003b56        0x2 CMakeFiles/CLionTest.elf.dir/Core/Src/stm32h7xx_it.c.obj
                0x08003b56                PendSV_Handler
 .text.SysTick_Handler
                0x08003b58        0x8 CMakeFiles/CLionTest.elf.dir/Core/Src/stm32h7xx_it.c.obj
                0x08003b58                SysTick_Handler
 .text.ADC_IRQHandler
                0x08003b60       0x10 CMakeFiles/CLionTest.elf.dir/Core/Src/stm32h7xx_it.c.obj
                0x08003b60                ADC_IRQHandler
 .text.EXTI9_5_IRQHandler
                0x08003b70        0xa CMakeFiles/CLionTest.elf.dir/Core/Src/stm32h7xx_it.c.obj
                0x08003b70                EXTI9_5_IRQHandler
 *fill*         0x08003b7a        0x2 
 .text.TIM1_BRK_IRQHandler
                0x08003b7c       0x10 CMakeFiles/CLionTest.elf.dir/Core/Src/stm32h7xx_it.c.obj
                0x08003b7c                TIM1_BRK_IRQHandler
 .text.TIM1_UP_IRQHandler
                0x08003b8c       0x10 CMakeFiles/CLionTest.elf.dir/Core/Src/stm32h7xx_it.c.obj
                0x08003b8c                TIM1_UP_IRQHandler
 .text.TIM1_TRG_COM_IRQHandler
                0x08003b9c       0x10 CMakeFiles/CLionTest.elf.dir/Core/Src/stm32h7xx_it.c.obj
                0x08003b9c                TIM1_TRG_COM_IRQHandler
 .text.TIM1_CC_IRQHandler
                0x08003bac       0x10 CMakeFiles/CLionTest.elf.dir/Core/Src/stm32h7xx_it.c.obj
                0x08003bac                TIM1_CC_IRQHandler
 .text.EXTI15_10_IRQHandler
                0x08003bbc       0x24 CMakeFiles/CLionTest.elf.dir/Core/Src/stm32h7xx_it.c.obj
                0x08003bbc                EXTI15_10_IRQHandler
 .text.SDMMC1_IRQHandler
                0x08003be0       0x10 CMakeFiles/CLionTest.elf.dir/Core/Src/stm32h7xx_it.c.obj
                0x08003be0                SDMMC1_IRQHandler
 .text.TIM6_DAC_IRQHandler
                0x08003bf0       0x10 CMakeFiles/CLionTest.elf.dir/Core/Src/stm32h7xx_it.c.obj
                0x08003bf0                TIM6_DAC_IRQHandler
 .text.TIM7_IRQHandler
                0x08003c00       0x10 CMakeFiles/CLionTest.elf.dir/Core/Src/stm32h7xx_it.c.obj
                0x08003c00                TIM7_IRQHandler
 .text.DMA2_Stream7_IRQHandler
                0x08003c10       0x10 CMakeFiles/CLionTest.elf.dir/Core/Src/stm32h7xx_it.c.obj
                0x08003c10                DMA2_Stream7_IRQHandler
 .text._getpid  0x08003c20        0x4 CMakeFiles/CLionTest.elf.dir/Core/Src/syscalls.c.obj
                0x08003c20                _getpid
 .text._kill    0x08003c24       0x10 CMakeFiles/CLionTest.elf.dir/Core/Src/syscalls.c.obj
                0x08003c24                _kill
 .text._exit    0x08003c34        0xc CMakeFiles/CLionTest.elf.dir/Core/Src/syscalls.c.obj
                0x08003c34                _exit
 .text._read    0x08003c40       0x20 CMakeFiles/CLionTest.elf.dir/Core/Src/syscalls.c.obj
                0x08003c40                _read
 .text._write   0x08003c60       0x1c CMakeFiles/CLionTest.elf.dir/Core/Src/syscalls.c.obj
                0x08003c60                _write
 .text._close   0x08003c7c        0x6 CMakeFiles/CLionTest.elf.dir/Core/Src/syscalls.c.obj
                0x08003c7c                _close
 .text._fstat   0x08003c82        0xa CMakeFiles/CLionTest.elf.dir/Core/Src/syscalls.c.obj
                0x08003c82                _fstat
 .text._isatty  0x08003c8c        0x4 CMakeFiles/CLionTest.elf.dir/Core/Src/syscalls.c.obj
                0x08003c8c                _isatty
 .text._lseek   0x08003c90        0x4 CMakeFiles/CLionTest.elf.dir/Core/Src/syscalls.c.obj
                0x08003c90                _lseek
 .text._sbrk    0x08003c94       0x48 CMakeFiles/CLionTest.elf.dir/Core/Src/sysmem.c.obj
                0x08003c94                _sbrk
 .text.SystemInit
                0x08003cdc       0xbc CMakeFiles/CLionTest.elf.dir/Core/Src/system_stm32h7xx.c.obj
                0x08003cdc                SystemInit
 .text.ExitRun0Mode
                0x08003d98       0x1c CMakeFiles/CLionTest.elf.dir/Core/Src/system_stm32h7xx.c.obj
                0x08003d98                ExitRun0Mode
 .text.MX_TIM6_Init
                0x08003db4       0x94 CMakeFiles/CLionTest.elf.dir/Core/Src/tim.c.obj
                0x08003db4                MX_TIM6_Init
 .text.MX_TIM7_Init
                0x08003e48       0x8c CMakeFiles/CLionTest.elf.dir/Core/Src/tim.c.obj
                0x08003e48                MX_TIM7_Init
 .text.HAL_TIM_PWM_MspInit
                0x08003ed4       0xbc CMakeFiles/CLionTest.elf.dir/Core/Src/tim.c.obj
                0x08003ed4                HAL_TIM_PWM_MspInit
 .text.HAL_TIM_Base_MspInit
                0x08003f90       0x7c CMakeFiles/CLionTest.elf.dir/Core/Src/tim.c.obj
                0x08003f90                HAL_TIM_Base_MspInit
 .text.HAL_TIM_MspPostInit
                0x0800400c       0x5c CMakeFiles/CLionTest.elf.dir/Core/Src/tim.c.obj
                0x0800400c                HAL_TIM_MspPostInit
 .text.MX_TIM1_Init
                0x08004068       0xf8 CMakeFiles/CLionTest.elf.dir/Core/Src/tim.c.obj
                0x08004068                MX_TIM1_Init
 .text.MX_LPUART1_UART_Init
                0x08004160       0x6c CMakeFiles/CLionTest.elf.dir/Core/Src/usart.c.obj
                0x08004160                MX_LPUART1_UART_Init
 .text.MX_UART7_Init
                0x080041cc       0x70 CMakeFiles/CLionTest.elf.dir/Core/Src/usart.c.obj
                0x080041cc                MX_UART7_Init
 .text.HAL_UART_MspInit
                0x0800423c      0x10c CMakeFiles/CLionTest.elf.dir/Core/Src/usart.c.obj
                0x0800423c                HAL_UART_MspInit
 .text.Reset_Handler
                0x08004348       0x54 CMakeFiles/CLionTest.elf.dir/Core/Startup/startup_stm32h7b0vbtx.s.obj
                0x08004348                Reset_Handler
 .text.Default_Handler
                0x0800439c        0x2 CMakeFiles/CLionTest.elf.dir/Core/Startup/startup_stm32h7b0vbtx.s.obj
                0x0800439c                RTC_Alarm_IRQHandler
                0x0800439c                HASH_RNG_IRQHandler
                0x0800439c                EXTI2_IRQHandler
                0x0800439c                TIM8_CC_IRQHandler
                0x0800439c                UART8_IRQHandler
                0x0800439c                BDMA2_Channel1_IRQHandler
                0x0800439c                SPI4_IRQHandler
                0x0800439c                BDMA2_Channel0_IRQHandler
                0x0800439c                DMA2_Stream5_IRQHandler
                0x0800439c                JPEG_IRQHandler
                0x0800439c                DMA1_Stream5_IRQHandler
                0x0800439c                EXTI3_IRQHandler
                0x0800439c                LPTIM4_IRQHandler
                0x0800439c                TIM8_TRG_COM_TIM14_IRQHandler
                0x0800439c                LPTIM2_IRQHandler
                0x0800439c                DFSDM1_FLT1_IRQHandler
                0x0800439c                DMAMUX2_OVR_IRQHandler
                0x0800439c                GFXMMU_IRQHandler
                0x0800439c                TIM8_UP_TIM13_IRQHandler
                0x0800439c                I2C3_ER_IRQHandler
                0x0800439c                DFSDM1_FLT2_IRQHandler
                0x0800439c                USART10_IRQHandler
                0x0800439c                MDMA_IRQHandler
                0x0800439c                LPTIM3_IRQHandler
                0x0800439c                BDMA2_Channel3_IRQHandler
                0x0800439c                HSEM1_IRQHandler
                0x0800439c                EXTI0_IRQHandler
                0x0800439c                I2C2_EV_IRQHandler
                0x0800439c                DAC2_IRQHandler
                0x0800439c                DMA1_Stream2_IRQHandler
                0x0800439c                FPU_IRQHandler
                0x0800439c                OTG_HS_WKUP_IRQHandler
                0x0800439c                FDCAN1_IT1_IRQHandler
                0x0800439c                LTDC_ER_IRQHandler
                0x0800439c                DMA2_Stream2_IRQHandler
                0x0800439c                SPI1_IRQHandler
                0x0800439c                OCTOSPI1_IRQHandler
                0x0800439c                BDMA2_Channel6_IRQHandler
                0x0800439c                DMA2_Stream3_IRQHandler
                0x0800439c                OCTOSPI2_IRQHandler
                0x0800439c                SAI2_IRQHandler
                0x0800439c                BDMA1_IRQHandler
                0x0800439c                DFSDM1_FLT3_IRQHandler
                0x0800439c                USART6_IRQHandler
                0x0800439c                TIM17_IRQHandler
                0x0800439c                USART3_IRQHandler
                0x0800439c                CRYP_IRQHandler
                0x0800439c                LPTIM5_IRQHandler
                0x0800439c                UART5_IRQHandler
                0x0800439c                DMA2_Stream0_IRQHandler
                0x0800439c                TIM4_IRQHandler
                0x0800439c                I2C1_EV_IRQHandler
                0x0800439c                DMA1_Stream6_IRQHandler
                0x0800439c                DMAMUX1_OVR_IRQHandler
                0x0800439c                DMA1_Stream1_IRQHandler
                0x0800439c                TIM16_IRQHandler
                0x0800439c                UART4_IRQHandler
                0x0800439c                TIM3_IRQHandler
                0x0800439c                RCC_IRQHandler
                0x0800439c                UART9_IRQHandler
                0x0800439c                TIM8_BRK_TIM12_IRQHandler
                0x0800439c                Default_Handler
                0x0800439c                ECC_IRQHandler
                0x0800439c                BDMA2_Channel2_IRQHandler
                0x0800439c                CEC_IRQHandler
                0x0800439c                DFSDM1_FLT4_IRQHandler
                0x0800439c                OTFDEC1_IRQHandler
                0x0800439c                DMA1_Stream7_IRQHandler
                0x0800439c                SPI5_IRQHandler
                0x0800439c                TIM5_IRQHandler
                0x0800439c                TIM15_IRQHandler
                0x0800439c                I2C3_EV_IRQHandler
                0x0800439c                DFSDM2_IRQHandler
                0x0800439c                RTC_WKUP_IRQHandler
                0x0800439c                LTDC_IRQHandler
                0x0800439c                SPDIF_RX_IRQHandler
                0x0800439c                PVD_PVM_IRQHandler
                0x0800439c                SPI2_IRQHandler
                0x0800439c                OTG_HS_EP1_IN_IRQHandler
                0x0800439c                DFSDM1_FLT5_IRQHandler
                0x0800439c                DMA1_Stream0_IRQHandler
                0x0800439c                OTFDEC2_IRQHandler
                0x0800439c                CRS_IRQHandler
                0x0800439c                EXTI4_IRQHandler
                0x0800439c                DFSDM1_FLT6_IRQHandler
                0x0800439c                FDCAN2_IT1_IRQHandler
                0x0800439c                COMP_IRQHandler
                0x0800439c                OTG_HS_EP1_OUT_IRQHandler
                0x0800439c                WWDG_IRQHandler
                0x0800439c                SPI6_IRQHandler
                0x0800439c                MDIOS_IRQHandler
                0x0800439c                I2C4_EV_IRQHandler
                0x0800439c                FDCAN2_IT0_IRQHandler
                0x0800439c                LPUART1_IRQHandler
                0x0800439c                FDCAN1_IT0_IRQHandler
                0x0800439c                TIM2_IRQHandler
                0x0800439c                BDMA2_Channel5_IRQHandler
                0x0800439c                OTG_HS_IRQHandler
                0x0800439c                DMA2D_IRQHandler
                0x0800439c                EXTI1_IRQHandler
                0x0800439c                SDMMC2_IRQHandler
                0x0800439c                DTS_IRQHandler
                0x0800439c                UART7_IRQHandler
                0x0800439c                MDIOS_WKUP_IRQHandler
                0x0800439c                USART2_IRQHandler
                0x0800439c                DFSDM1_FLT0_IRQHandler
                0x0800439c                I2C2_ER_IRQHandler
                0x0800439c                DMA2_Stream1_IRQHandler
                0x0800439c                DFSDM1_FLT7_IRQHandler
                0x0800439c                FLASH_IRQHandler
                0x0800439c                DMA2_Stream4_IRQHandler
                0x0800439c                USART1_IRQHandler
                0x0800439c                SPI3_IRQHandler
                0x0800439c                WAKEUP_PIN_IRQHandler
                0x0800439c                DMA1_Stream4_IRQHandler
                0x0800439c                I2C1_ER_IRQHandler
                0x0800439c                FMC_IRQHandler
                0x0800439c                BDMA2_Channel7_IRQHandler
                0x0800439c                FDCAN_CAL_IRQHandler
                0x0800439c                SWPMI1_IRQHandler
                0x0800439c                LPTIM1_IRQHandler
                0x0800439c                DCMI_PSSI_IRQHandler
                0x0800439c                I2C4_ER_IRQHandler
                0x0800439c                DMA2_Stream6_IRQHandler
                0x0800439c                SAI1_IRQHandler
                0x0800439c                DMA1_Stream3_IRQHandler
                0x0800439c                RTC_TAMP_STAMP_CSS_LSE_IRQHandler
                0x0800439c                BDMA2_Channel4_IRQHandler
 *fill*         0x0800439e        0x2 
 .text.HAL_InitTick
                0x080043a0       0x50 CMakeFiles/CLionTest.elf.dir/Drivers/STM32H7xx_HAL_Driver/Src/stm32h7xx_hal.c.obj
                0x080043a0                HAL_InitTick
 .text.HAL_Init
                0x080043f0       0x5c CMakeFiles/CLionTest.elf.dir/Drivers/STM32H7xx_HAL_Driver/Src/stm32h7xx_hal.c.obj
                0x080043f0                HAL_Init
 .text.HAL_IncTick
                0x0800444c       0x18 CMakeFiles/CLionTest.elf.dir/Drivers/STM32H7xx_HAL_Driver/Src/stm32h7xx_hal.c.obj
                0x0800444c                HAL_IncTick
 .text.HAL_GetTick
                0x08004464        0xc CMakeFiles/CLionTest.elf.dir/Drivers/STM32H7xx_HAL_Driver/Src/stm32h7xx_hal.c.obj
                0x08004464                HAL_GetTick
 .text.HAL_Delay
                0x08004470       0x28 CMakeFiles/CLionTest.elf.dir/Drivers/STM32H7xx_HAL_Driver/Src/stm32h7xx_hal.c.obj
                0x08004470                HAL_Delay
 .text.LL_ADC_REG_SetSequencerRanks
                0x08004498       0x2e CMakeFiles/CLionTest.elf.dir/Drivers/STM32H7xx_HAL_Driver/Src/stm32h7xx_hal_adc.c.obj
 .text.LL_ADC_SetChannelSamplingTime
                0x080044c6       0x2a CMakeFiles/CLionTest.elf.dir/Drivers/STM32H7xx_HAL_Driver/Src/stm32h7xx_hal_adc.c.obj
 .text.LL_ADC_SetChannelPreselection
                0x080044f0       0x2e CMakeFiles/CLionTest.elf.dir/Drivers/STM32H7xx_HAL_Driver/Src/stm32h7xx_hal_adc.c.obj
 *fill*         0x0800451e        0x2 
 .text.HAL_ADC_PollForConversion
                0x08004520      0x11c CMakeFiles/CLionTest.elf.dir/Drivers/STM32H7xx_HAL_Driver/Src/stm32h7xx_hal_adc.c.obj
                0x08004520                HAL_ADC_PollForConversion
 .text.HAL_ADC_GetValue
                0x0800463c        0x6 CMakeFiles/CLionTest.elf.dir/Drivers/STM32H7xx_HAL_Driver/Src/stm32h7xx_hal_adc.c.obj
                0x0800463c                HAL_ADC_GetValue
 .text.HAL_ADC_ConvCpltCallback
                0x08004642        0x2 CMakeFiles/CLionTest.elf.dir/Drivers/STM32H7xx_HAL_Driver/Src/stm32h7xx_hal_adc.c.obj
                0x08004642                HAL_ADC_ConvCpltCallback
 .text.HAL_ADC_LevelOutOfWindowCallback
                0x08004644        0x2 CMakeFiles/CLionTest.elf.dir/Drivers/STM32H7xx_HAL_Driver/Src/stm32h7xx_hal_adc.c.obj
                0x08004644                HAL_ADC_LevelOutOfWindowCallback
 .text.HAL_ADC_ErrorCallback
                0x08004646        0x2 CMakeFiles/CLionTest.elf.dir/Drivers/STM32H7xx_HAL_Driver/Src/stm32h7xx_hal_adc.c.obj
                0x08004646                HAL_ADC_ErrorCallback
 .text.HAL_ADC_IRQHandler
                0x08004648      0x2a8 CMakeFiles/CLionTest.elf.dir/Drivers/STM32H7xx_HAL_Driver/Src/stm32h7xx_hal_adc.c.obj
                0x08004648                HAL_ADC_IRQHandler
 .text.HAL_ADC_ConfigChannel
                0x080048f0      0x420 CMakeFiles/CLionTest.elf.dir/Drivers/STM32H7xx_HAL_Driver/Src/stm32h7xx_hal_adc.c.obj
                0x080048f0                HAL_ADC_ConfigChannel
 .text.ADC_Enable
                0x08004d10       0xbc CMakeFiles/CLionTest.elf.dir/Drivers/STM32H7xx_HAL_Driver/Src/stm32h7xx_hal_adc.c.obj
                0x08004d10                ADC_Enable
 .text.HAL_ADC_Start
                0x08004dcc       0xf8 CMakeFiles/CLionTest.elf.dir/Drivers/STM32H7xx_HAL_Driver/Src/stm32h7xx_hal_adc.c.obj
                0x08004dcc                HAL_ADC_Start
 .text.ADC_ConfigureBoostMode
                0x08004ec4      0x100 CMakeFiles/CLionTest.elf.dir/Drivers/STM32H7xx_HAL_Driver/Src/stm32h7xx_hal_adc.c.obj
                0x08004ec4                ADC_ConfigureBoostMode
 .text.HAL_ADC_Init
                0x08004fc4      0x1f8 CMakeFiles/CLionTest.elf.dir/Drivers/STM32H7xx_HAL_Driver/Src/stm32h7xx_hal_adc.c.obj
                0x08004fc4                HAL_ADC_Init
 .text.HAL_ADCEx_InjectedConvCpltCallback
                0x080051bc        0x2 CMakeFiles/CLionTest.elf.dir/Drivers/STM32H7xx_HAL_Driver/Src/stm32h7xx_hal_adc_ex.c.obj
                0x080051bc                HAL_ADCEx_InjectedConvCpltCallback
 .text.HAL_ADCEx_InjectedQueueOverflowCallback
                0x080051be        0x2 CMakeFiles/CLionTest.elf.dir/Drivers/STM32H7xx_HAL_Driver/Src/stm32h7xx_hal_adc_ex.c.obj
                0x080051be                HAL_ADCEx_InjectedQueueOverflowCallback
 .text.HAL_ADCEx_LevelOutOfWindow2Callback
                0x080051c0        0x2 CMakeFiles/CLionTest.elf.dir/Drivers/STM32H7xx_HAL_Driver/Src/stm32h7xx_hal_adc_ex.c.obj
                0x080051c0                HAL_ADCEx_LevelOutOfWindow2Callback
 .text.HAL_ADCEx_LevelOutOfWindow3Callback
                0x080051c2        0x2 CMakeFiles/CLionTest.elf.dir/Drivers/STM32H7xx_HAL_Driver/Src/stm32h7xx_hal_adc_ex.c.obj
                0x080051c2                HAL_ADCEx_LevelOutOfWindow3Callback
 .text.HAL_ADCEx_EndOfSamplingCallback
                0x080051c4        0x2 CMakeFiles/CLionTest.elf.dir/Drivers/STM32H7xx_HAL_Driver/Src/stm32h7xx_hal_adc_ex.c.obj
                0x080051c4                HAL_ADCEx_EndOfSamplingCallback
 *fill*         0x080051c6        0x2 
 .text.HAL_ADCEx_MultiModeConfigChannel
                0x080051c8      0x108 CMakeFiles/CLionTest.elf.dir/Drivers/STM32H7xx_HAL_Driver/Src/stm32h7xx_hal_adc_ex.c.obj
                0x080051c8                HAL_ADCEx_MultiModeConfigChannel
 .text.__NVIC_EnableIRQ
                0x080052d0       0x1c CMakeFiles/CLionTest.elf.dir/Drivers/STM32H7xx_HAL_Driver/Src/stm32h7xx_hal_cortex.c.obj
 .text.__NVIC_SetPriority
                0x080052ec       0x24 CMakeFiles/CLionTest.elf.dir/Drivers/STM32H7xx_HAL_Driver/Src/stm32h7xx_hal_cortex.c.obj
 .text.NVIC_EncodePriority
                0x08005310       0x3e CMakeFiles/CLionTest.elf.dir/Drivers/STM32H7xx_HAL_Driver/Src/stm32h7xx_hal_cortex.c.obj
 *fill*         0x0800534e        0x2 
 .text.HAL_NVIC_SetPriorityGrouping
                0x08005350       0x24 CMakeFiles/CLionTest.elf.dir/Drivers/STM32H7xx_HAL_Driver/Src/stm32h7xx_hal_cortex.c.obj
                0x08005350                HAL_NVIC_SetPriorityGrouping
 .text.HAL_NVIC_SetPriority
                0x08005374       0x20 CMakeFiles/CLionTest.elf.dir/Drivers/STM32H7xx_HAL_Driver/Src/stm32h7xx_hal_cortex.c.obj
                0x08005374                HAL_NVIC_SetPriority
 .text.HAL_NVIC_EnableIRQ
                0x08005394        0x8 CMakeFiles/CLionTest.elf.dir/Drivers/STM32H7xx_HAL_Driver/Src/stm32h7xx_hal_cortex.c.obj
                0x08005394                HAL_NVIC_EnableIRQ
 .text.HAL_SYSTICK_Config
                0x0800539c       0x28 CMakeFiles/CLionTest.elf.dir/Drivers/STM32H7xx_HAL_Driver/Src/stm32h7xx_hal_cortex.c.obj
                0x0800539c                HAL_SYSTICK_Config
 .text.HAL_MPU_Disable
                0x080053c4       0x1c CMakeFiles/CLionTest.elf.dir/Drivers/STM32H7xx_HAL_Driver/Src/stm32h7xx_hal_cortex.c.obj
                0x080053c4                HAL_MPU_Disable
 .text.HAL_MPU_Enable
                0x080053e0       0x20 CMakeFiles/CLionTest.elf.dir/Drivers/STM32H7xx_HAL_Driver/Src/stm32h7xx_hal_cortex.c.obj
                0x080053e0                HAL_MPU_Enable
 .text.HAL_MPU_ConfigRegion
                0x08005400       0x58 CMakeFiles/CLionTest.elf.dir/Drivers/STM32H7xx_HAL_Driver/Src/stm32h7xx_hal_cortex.c.obj
                0x08005400                HAL_MPU_ConfigRegion
 .text.DMA_SetConfig
                0x08005458      0x1e8 CMakeFiles/CLionTest.elf.dir/Drivers/STM32H7xx_HAL_Driver/Src/stm32h7xx_hal_dma.c.obj
 .text.DMA_CalcBaseAndBitshift
                0x08005640       0xb0 CMakeFiles/CLionTest.elf.dir/Drivers/STM32H7xx_HAL_Driver/Src/stm32h7xx_hal_dma.c.obj
 .text.DMA_CheckFifoParam
                0x080056f0       0x92 CMakeFiles/CLionTest.elf.dir/Drivers/STM32H7xx_HAL_Driver/Src/stm32h7xx_hal_dma.c.obj
 *fill*         0x08005782        0x2 
 .text.DMA_CalcDMAMUXChannelBaseAndMask
                0x08005784       0xac CMakeFiles/CLionTest.elf.dir/Drivers/STM32H7xx_HAL_Driver/Src/stm32h7xx_hal_dma.c.obj
 .text.DMA_CalcDMAMUXRequestGenBaseAndMask
                0x08005830       0x7c CMakeFiles/CLionTest.elf.dir/Drivers/STM32H7xx_HAL_Driver/Src/stm32h7xx_hal_dma.c.obj
 .text.HAL_DMA_Init
                0x080058ac      0x3e0 CMakeFiles/CLionTest.elf.dir/Drivers/STM32H7xx_HAL_Driver/Src/stm32h7xx_hal_dma.c.obj
                0x080058ac                HAL_DMA_Init
 .text.HAL_DMA_Start_IT
                0x08005c8c      0x294 CMakeFiles/CLionTest.elf.dir/Drivers/STM32H7xx_HAL_Driver/Src/stm32h7xx_hal_dma.c.obj
                0x08005c8c                HAL_DMA_Start_IT
 .text.HAL_DMA_Abort_IT
                0x08005f20      0x26c CMakeFiles/CLionTest.elf.dir/Drivers/STM32H7xx_HAL_Driver/Src/stm32h7xx_hal_dma.c.obj
                0x08005f20                HAL_DMA_Abort_IT
 .text.HAL_DMA_IRQHandler
                0x0800618c      0x768 CMakeFiles/CLionTest.elf.dir/Drivers/STM32H7xx_HAL_Driver/Src/stm32h7xx_hal_dma.c.obj
                0x0800618c                HAL_DMA_IRQHandler
 .text.FDCAN_CalcultateRamBlockAddresses
                0x080068f4      0x1e0 CMakeFiles/CLionTest.elf.dir/Drivers/STM32H7xx_HAL_Driver/Src/stm32h7xx_hal_fdcan.c.obj
 .text.HAL_FDCAN_Init
                0x08006ad4      0x294 CMakeFiles/CLionTest.elf.dir/Drivers/STM32H7xx_HAL_Driver/Src/stm32h7xx_hal_fdcan.c.obj
                0x08006ad4                HAL_FDCAN_Init
 .text.HAL_GPIO_Init
                0x08006d68      0x228 CMakeFiles/CLionTest.elf.dir/Drivers/STM32H7xx_HAL_Driver/Src/stm32h7xx_hal_gpio.c.obj
                0x08006d68                HAL_GPIO_Init
 .text.HAL_GPIO_ReadPin
                0x08006f90        0xe CMakeFiles/CLionTest.elf.dir/Drivers/STM32H7xx_HAL_Driver/Src/stm32h7xx_hal_gpio.c.obj
                0x08006f90                HAL_GPIO_ReadPin
 .text.HAL_GPIO_WritePin
                0x08006f9e        0xc CMakeFiles/CLionTest.elf.dir/Drivers/STM32H7xx_HAL_Driver/Src/stm32h7xx_hal_gpio.c.obj
                0x08006f9e                HAL_GPIO_WritePin
 .text.HAL_GPIO_TogglePin
                0x08006faa       0x12 CMakeFiles/CLionTest.elf.dir/Drivers/STM32H7xx_HAL_Driver/Src/stm32h7xx_hal_gpio.c.obj
                0x08006faa                HAL_GPIO_TogglePin
 .text.HAL_GPIO_EXTI_IRQHandler
                0x08006fbc       0x1e CMakeFiles/CLionTest.elf.dir/Drivers/STM32H7xx_HAL_Driver/Src/stm32h7xx_hal_gpio.c.obj
                0x08006fbc                HAL_GPIO_EXTI_IRQHandler
 .text.I2C_Flush_TXDR
                0x08006fda       0x22 CMakeFiles/CLionTest.elf.dir/Drivers/STM32H7xx_HAL_Driver/Src/stm32h7xx_hal_i2c.c.obj
 .text.I2C_TransferConfig
                0x08006ffc       0x3a CMakeFiles/CLionTest.elf.dir/Drivers/STM32H7xx_HAL_Driver/Src/stm32h7xx_hal_i2c.c.obj
 .text.I2C_IsErrorOccurred
                0x08007036      0x118 CMakeFiles/CLionTest.elf.dir/Drivers/STM32H7xx_HAL_Driver/Src/stm32h7xx_hal_i2c.c.obj
 .text.I2C_WaitOnTXISFlagUntilTimeout
                0x0800714e       0x60 CMakeFiles/CLionTest.elf.dir/Drivers/STM32H7xx_HAL_Driver/Src/stm32h7xx_hal_i2c.c.obj
 .text.I2C_WaitOnFlagUntilTimeout
                0x080071ae       0x7c CMakeFiles/CLionTest.elf.dir/Drivers/STM32H7xx_HAL_Driver/Src/stm32h7xx_hal_i2c.c.obj
 *fill*         0x0800722a        0x2 
 .text.I2C_RequestMemoryWrite
                0x0800722c       0x7c CMakeFiles/CLionTest.elf.dir/Drivers/STM32H7xx_HAL_Driver/Src/stm32h7xx_hal_i2c.c.obj
 .text.I2C_RequestMemoryRead
                0x080072a8       0x78 CMakeFiles/CLionTest.elf.dir/Drivers/STM32H7xx_HAL_Driver/Src/stm32h7xx_hal_i2c.c.obj
 .text.I2C_WaitOnSTOPFlagUntilTimeout
                0x08007320       0x5e CMakeFiles/CLionTest.elf.dir/Drivers/STM32H7xx_HAL_Driver/Src/stm32h7xx_hal_i2c.c.obj
 .text.I2C_WaitOnRXNEFlagUntilTimeout
                0x0800737e       0xaa CMakeFiles/CLionTest.elf.dir/Drivers/STM32H7xx_HAL_Driver/Src/stm32h7xx_hal_i2c.c.obj
 .text.HAL_I2C_Init
                0x08007428       0xc8 CMakeFiles/CLionTest.elf.dir/Drivers/STM32H7xx_HAL_Driver/Src/stm32h7xx_hal_i2c.c.obj
                0x08007428                HAL_I2C_Init
 .text.HAL_I2C_Master_Transmit
                0x080074f0      0x1a4 CMakeFiles/CLionTest.elf.dir/Drivers/STM32H7xx_HAL_Driver/Src/stm32h7xx_hal_i2c.c.obj
                0x080074f0                HAL_I2C_Master_Transmit
 .text.HAL_I2C_Master_Receive
                0x08007694      0x178 CMakeFiles/CLionTest.elf.dir/Drivers/STM32H7xx_HAL_Driver/Src/stm32h7xx_hal_i2c.c.obj
                0x08007694                HAL_I2C_Master_Receive
 .text.HAL_I2C_Mem_Write
                0x0800780c      0x1a8 CMakeFiles/CLionTest.elf.dir/Drivers/STM32H7xx_HAL_Driver/Src/stm32h7xx_hal_i2c.c.obj
                0x0800780c                HAL_I2C_Mem_Write
 .text.HAL_I2C_Mem_Read
                0x080079b4      0x1b0 CMakeFiles/CLionTest.elf.dir/Drivers/STM32H7xx_HAL_Driver/Src/stm32h7xx_hal_i2c.c.obj
                0x080079b4                HAL_I2C_Mem_Read
 .text.HAL_I2CEx_ConfigAnalogFilter
                0x08007b64       0x5a CMakeFiles/CLionTest.elf.dir/Drivers/STM32H7xx_HAL_Driver/Src/stm32h7xx_hal_i2c_ex.c.obj
                0x08007b64                HAL_I2CEx_ConfigAnalogFilter
 .text.HAL_I2CEx_ConfigDigitalFilter
                0x08007bbe       0x56 CMakeFiles/CLionTest.elf.dir/Drivers/STM32H7xx_HAL_Driver/Src/stm32h7xx_hal_i2c_ex.c.obj
                0x08007bbe                HAL_I2CEx_ConfigDigitalFilter
 .text.OSPIM_GetConfig
                0x08007c14       0xec CMakeFiles/CLionTest.elf.dir/Drivers/STM32H7xx_HAL_Driver/Src/stm32h7xx_hal_ospi.c.obj
 .text.OSPI_WaitFlagStateUntilTimeout
                0x08007d00       0x56 CMakeFiles/CLionTest.elf.dir/Drivers/STM32H7xx_HAL_Driver/Src/stm32h7xx_hal_ospi.c.obj
 .text.HAL_OSPI_SetTimeout
                0x08007d56        0x6 CMakeFiles/CLionTest.elf.dir/Drivers/STM32H7xx_HAL_Driver/Src/stm32h7xx_hal_ospi.c.obj
                0x08007d56                HAL_OSPI_SetTimeout
 .text.HAL_OSPI_Init
                0x08007d5c      0x108 CMakeFiles/CLionTest.elf.dir/Drivers/STM32H7xx_HAL_Driver/Src/stm32h7xx_hal_ospi.c.obj
                0x08007d5c                HAL_OSPI_Init
 .text.HAL_OSPIM_Config
                0x08007e64      0x51c CMakeFiles/CLionTest.elf.dir/Drivers/STM32H7xx_HAL_Driver/Src/stm32h7xx_hal_ospi.c.obj
                0x08007e64                HAL_OSPIM_Config
 .text.HAL_PWREx_ConfigSupply
                0x08008380       0x54 CMakeFiles/CLionTest.elf.dir/Drivers/STM32H7xx_HAL_Driver/Src/stm32h7xx_hal_pwr_ex.c.obj
                0x08008380                HAL_PWREx_ConfigSupply
 .text.HAL_RCC_OscConfig
                0x080083d4      0x660 CMakeFiles/CLionTest.elf.dir/Drivers/STM32H7xx_HAL_Driver/Src/stm32h7xx_hal_rcc.c.obj
                0x080083d4                HAL_RCC_OscConfig
 .text.HAL_RCC_GetSysClockFreq
                0x08008a34      0x224 CMakeFiles/CLionTest.elf.dir/Drivers/STM32H7xx_HAL_Driver/Src/stm32h7xx_hal_rcc.c.obj
                0x08008a34                HAL_RCC_GetSysClockFreq
 .text.HAL_RCC_ClockConfig
                0x08008c58      0x294 CMakeFiles/CLionTest.elf.dir/Drivers/STM32H7xx_HAL_Driver/Src/stm32h7xx_hal_rcc.c.obj
                0x08008c58                HAL_RCC_ClockConfig
 .text.HAL_RCC_GetHCLKFreq
                0x08008eec       0x44 CMakeFiles/CLionTest.elf.dir/Drivers/STM32H7xx_HAL_Driver/Src/stm32h7xx_hal_rcc.c.obj
                0x08008eec                HAL_RCC_GetHCLKFreq
 .text.HAL_RCC_GetPCLK1Freq
                0x08008f30       0x24 CMakeFiles/CLionTest.elf.dir/Drivers/STM32H7xx_HAL_Driver/Src/stm32h7xx_hal_rcc.c.obj
                0x08008f30                HAL_RCC_GetPCLK1Freq
 .text.HAL_RCC_GetPCLK2Freq
                0x08008f54       0x24 CMakeFiles/CLionTest.elf.dir/Drivers/STM32H7xx_HAL_Driver/Src/stm32h7xx_hal_rcc.c.obj
                0x08008f54                HAL_RCC_GetPCLK2Freq
 .text.RCCEx_PLL2_Config
                0x08008f78      0x108 CMakeFiles/CLionTest.elf.dir/Drivers/STM32H7xx_HAL_Driver/Src/stm32h7xx_hal_rcc_ex.c.obj
 .text.RCCEx_PLL3_Config
                0x08009080      0x108 CMakeFiles/CLionTest.elf.dir/Drivers/STM32H7xx_HAL_Driver/Src/stm32h7xx_hal_rcc_ex.c.obj
 .text.HAL_RCCEx_PeriphCLKConfig
                0x08009188      0xa54 CMakeFiles/CLionTest.elf.dir/Drivers/STM32H7xx_HAL_Driver/Src/stm32h7xx_hal_rcc_ex.c.obj
                0x08009188                HAL_RCCEx_PeriphCLKConfig
 .text.HAL_RCCEx_GetD3PCLK1Freq
                0x08009bdc       0x24 CMakeFiles/CLionTest.elf.dir/Drivers/STM32H7xx_HAL_Driver/Src/stm32h7xx_hal_rcc_ex.c.obj
                0x08009bdc                HAL_RCCEx_GetD3PCLK1Freq
 .text.HAL_RCCEx_GetPLL2ClockFreq
                0x08009c00      0x238 CMakeFiles/CLionTest.elf.dir/Drivers/STM32H7xx_HAL_Driver/Src/stm32h7xx_hal_rcc_ex.c.obj
                0x08009c00                HAL_RCCEx_GetPLL2ClockFreq
 .text.HAL_RCCEx_GetPLL3ClockFreq
                0x08009e38      0x238 CMakeFiles/CLionTest.elf.dir/Drivers/STM32H7xx_HAL_Driver/Src/stm32h7xx_hal_rcc_ex.c.obj
                0x08009e38                HAL_RCCEx_GetPLL3ClockFreq
 .text.HAL_RCCEx_GetPLL1ClockFreq
                0x0800a070      0x238 CMakeFiles/CLionTest.elf.dir/Drivers/STM32H7xx_HAL_Driver/Src/stm32h7xx_hal_rcc_ex.c.obj
                0x0800a070                HAL_RCCEx_GetPLL1ClockFreq
 .text.HAL_RCCEx_GetPeriphCLKFreq
                0x0800a2a8      0x610 CMakeFiles/CLionTest.elf.dir/Drivers/STM32H7xx_HAL_Driver/Src/stm32h7xx_hal_rcc_ex.c.obj
                0x0800a2a8                HAL_RCCEx_GetPeriphCLKFreq
 .text.SD_PowerON
                0x0800a8b8       0xc4 CMakeFiles/CLionTest.elf.dir/Drivers/STM32H7xx_HAL_Driver/Src/stm32h7xx_hal_sd.c.obj
 .text.SD_Read_IT
                0x0800a97c       0x3c CMakeFiles/CLionTest.elf.dir/Drivers/STM32H7xx_HAL_Driver/Src/stm32h7xx_hal_sd.c.obj
 .text.SD_Write_IT
                0x0800a9b8       0x4c CMakeFiles/CLionTest.elf.dir/Drivers/STM32H7xx_HAL_Driver/Src/stm32h7xx_hal_sd.c.obj
 .text.SD_SendSDStatus
                0x0800aa04      0x108 CMakeFiles/CLionTest.elf.dir/Drivers/STM32H7xx_HAL_Driver/Src/stm32h7xx_hal_sd.c.obj
 .text.SD_FindSCR
                0x0800ab0c      0x108 CMakeFiles/CLionTest.elf.dir/Drivers/STM32H7xx_HAL_Driver/Src/stm32h7xx_hal_sd.c.obj
 .text.SD_WideBus_Enable
                0x0800ac14       0x4e CMakeFiles/CLionTest.elf.dir/Drivers/STM32H7xx_HAL_Driver/Src/stm32h7xx_hal_sd.c.obj
 .text.SD_WideBus_Disable
                0x0800ac62       0x4e CMakeFiles/CLionTest.elf.dir/Drivers/STM32H7xx_HAL_Driver/Src/stm32h7xx_hal_sd.c.obj
 .text.SD_SendStatus
                0x0800acb0       0x2c CMakeFiles/CLionTest.elf.dir/Drivers/STM32H7xx_HAL_Driver/Src/stm32h7xx_hal_sd.c.obj
 .text.HAL_SD_ReadBlocks
                0x0800acdc      0x20c CMakeFiles/CLionTest.elf.dir/Drivers/STM32H7xx_HAL_Driver/Src/stm32h7xx_hal_sd.c.obj
                0x0800acdc                HAL_SD_ReadBlocks
 .text.HAL_SD_WriteBlocks
                0x0800aee8      0x21c CMakeFiles/CLionTest.elf.dir/Drivers/STM32H7xx_HAL_Driver/Src/stm32h7xx_hal_sd.c.obj
                0x0800aee8                HAL_SD_WriteBlocks
 .text.HAL_SD_ErrorCallback
                0x0800b104        0x2 CMakeFiles/CLionTest.elf.dir/Drivers/STM32H7xx_HAL_Driver/Src/stm32h7xx_hal_sd.c.obj
                0x0800b104                HAL_SD_ErrorCallback
 *fill*         0x0800b106        0x2 
 .text.HAL_SD_GetCardCSD
                0x0800b108      0x1b8 CMakeFiles/CLionTest.elf.dir/Drivers/STM32H7xx_HAL_Driver/Src/stm32h7xx_hal_sd.c.obj
                0x0800b108                HAL_SD_GetCardCSD
 .text.SD_InitCard
                0x0800b2c0       0xfc CMakeFiles/CLionTest.elf.dir/Drivers/STM32H7xx_HAL_Driver/Src/stm32h7xx_hal_sd.c.obj
 .text.HAL_SD_InitCard
                0x0800b3bc       0xd4 CMakeFiles/CLionTest.elf.dir/Drivers/STM32H7xx_HAL_Driver/Src/stm32h7xx_hal_sd.c.obj
                0x0800b3bc                HAL_SD_InitCard
 .text.HAL_SD_GetCardStatus
                0x0800b490       0xcc CMakeFiles/CLionTest.elf.dir/Drivers/STM32H7xx_HAL_Driver/Src/stm32h7xx_hal_sd.c.obj
                0x0800b490                HAL_SD_GetCardStatus
 .text.HAL_SD_GetCardInfo
                0x0800b55c       0x24 CMakeFiles/CLionTest.elf.dir/Drivers/STM32H7xx_HAL_Driver/Src/stm32h7xx_hal_sd.c.obj
                0x0800b55c                HAL_SD_GetCardInfo
 .text.HAL_SD_ConfigWideBusOperation
                0x0800b580      0x158 CMakeFiles/CLionTest.elf.dir/Drivers/STM32H7xx_HAL_Driver/Src/stm32h7xx_hal_sd.c.obj
                0x0800b580                HAL_SD_ConfigWideBusOperation
 .text.HAL_SD_GetCardState
                0x0800b6d8       0x22 CMakeFiles/CLionTest.elf.dir/Drivers/STM32H7xx_HAL_Driver/Src/stm32h7xx_hal_sd.c.obj
                0x0800b6d8                HAL_SD_GetCardState
 .text.HAL_SD_Init
                0x0800b6fa       0xba CMakeFiles/CLionTest.elf.dir/Drivers/STM32H7xx_HAL_Driver/Src/stm32h7xx_hal_sd.c.obj
                0x0800b6fa                HAL_SD_Init
 .text.HAL_SDEx_Read_DMADoubleBuf0CpltCallback
                0x0800b7b4        0x2 CMakeFiles/CLionTest.elf.dir/Drivers/STM32H7xx_HAL_Driver/Src/stm32h7xx_hal_sd.c.obj
                0x0800b7b4                HAL_SDEx_Read_DMADoubleBuf0CpltCallback
 .text.HAL_SDEx_Read_DMADoubleBuf1CpltCallback
                0x0800b7b6        0x2 CMakeFiles/CLionTest.elf.dir/Drivers/STM32H7xx_HAL_Driver/Src/stm32h7xx_hal_sd.c.obj
                0x0800b7b6                HAL_SDEx_Read_DMADoubleBuf1CpltCallback
 .text.HAL_SDEx_Write_DMADoubleBuf0CpltCallback
                0x0800b7b8        0x2 CMakeFiles/CLionTest.elf.dir/Drivers/STM32H7xx_HAL_Driver/Src/stm32h7xx_hal_sd.c.obj
                0x0800b7b8                HAL_SDEx_Write_DMADoubleBuf0CpltCallback
 .text.HAL_SDEx_Write_DMADoubleBuf1CpltCallback
                0x0800b7ba        0x2 CMakeFiles/CLionTest.elf.dir/Drivers/STM32H7xx_HAL_Driver/Src/stm32h7xx_hal_sd.c.obj
                0x0800b7ba                HAL_SDEx_Write_DMADoubleBuf1CpltCallback
 .text.HAL_SD_IRQHandler
                0x0800b7bc      0x22c CMakeFiles/CLionTest.elf.dir/Drivers/STM32H7xx_HAL_Driver/Src/stm32h7xx_hal_sd.c.obj
                0x0800b7bc                HAL_SD_IRQHandler
 .text.SPI_CloseTransfer
                0x0800b9e8       0xc8 CMakeFiles/CLionTest.elf.dir/Drivers/STM32H7xx_HAL_Driver/Src/stm32h7xx_hal_spi.c.obj
 .text.SPI_GetPacketSize
                0x0800bab0       0x10 CMakeFiles/CLionTest.elf.dir/Drivers/STM32H7xx_HAL_Driver/Src/stm32h7xx_hal_spi.c.obj
 .text.SPI_WaitOnFlagUntilTimeout
                0x0800bac0       0x48 CMakeFiles/CLionTest.elf.dir/Drivers/STM32H7xx_HAL_Driver/Src/stm32h7xx_hal_spi.c.obj
 .text.HAL_SPI_Init
                0x0800bb08      0x190 CMakeFiles/CLionTest.elf.dir/Drivers/STM32H7xx_HAL_Driver/Src/stm32h7xx_hal_spi.c.obj
                0x0800bb08                HAL_SPI_Init
 .text.HAL_SPI_Transmit
                0x0800bc98      0x2c0 CMakeFiles/CLionTest.elf.dir/Drivers/STM32H7xx_HAL_Driver/Src/stm32h7xx_hal_spi.c.obj
                0x0800bc98                HAL_SPI_Transmit
 .text.TIM_OC1_SetConfig
                0x0800bf58       0xa4 CMakeFiles/CLionTest.elf.dir/Drivers/STM32H7xx_HAL_Driver/Src/stm32h7xx_hal_tim.c.obj
 .text.TIM_OC3_SetConfig
                0x0800bffc       0x94 CMakeFiles/CLionTest.elf.dir/Drivers/STM32H7xx_HAL_Driver/Src/stm32h7xx_hal_tim.c.obj
 .text.TIM_OC4_SetConfig
                0x0800c090       0x74 CMakeFiles/CLionTest.elf.dir/Drivers/STM32H7xx_HAL_Driver/Src/stm32h7xx_hal_tim.c.obj
 .text.TIM_OC5_SetConfig
                0x0800c104       0x74 CMakeFiles/CLionTest.elf.dir/Drivers/STM32H7xx_HAL_Driver/Src/stm32h7xx_hal_tim.c.obj
 .text.TIM_OC6_SetConfig
                0x0800c178       0x74 CMakeFiles/CLionTest.elf.dir/Drivers/STM32H7xx_HAL_Driver/Src/stm32h7xx_hal_tim.c.obj
 .text.HAL_TIM_Base_Stop
                0x0800c1ec       0x28 CMakeFiles/CLionTest.elf.dir/Drivers/STM32H7xx_HAL_Driver/Src/stm32h7xx_hal_tim.c.obj
                0x0800c1ec                HAL_TIM_Base_Stop
 .text.HAL_TIM_Base_Start_IT
                0x0800c214       0x90 CMakeFiles/CLionTest.elf.dir/Drivers/STM32H7xx_HAL_Driver/Src/stm32h7xx_hal_tim.c.obj
                0x0800c214                HAL_TIM_Base_Start_IT
 .text.HAL_TIM_OC_DelayElapsedCallback
                0x0800c2a4        0x2 CMakeFiles/CLionTest.elf.dir/Drivers/STM32H7xx_HAL_Driver/Src/stm32h7xx_hal_tim.c.obj
                0x0800c2a4                HAL_TIM_OC_DelayElapsedCallback
 .text.HAL_TIM_IC_CaptureCallback
                0x0800c2a6        0x2 CMakeFiles/CLionTest.elf.dir/Drivers/STM32H7xx_HAL_Driver/Src/stm32h7xx_hal_tim.c.obj
                0x0800c2a6                HAL_TIM_IC_CaptureCallback
 .text.TIM_DMADelayPulseCplt
                0x0800c2a8       0x70 CMakeFiles/CLionTest.elf.dir/Drivers/STM32H7xx_HAL_Driver/Src/stm32h7xx_hal_tim.c.obj
 .text.HAL_TIM_PWM_PulseFinishedHalfCpltCallback
                0x0800c318        0x2 CMakeFiles/CLionTest.elf.dir/Drivers/STM32H7xx_HAL_Driver/Src/stm32h7xx_hal_tim.c.obj
                0x0800c318                HAL_TIM_PWM_PulseFinishedHalfCpltCallback
 .text.TIM_DMADelayPulseHalfCplt
                0x0800c31a       0x3e CMakeFiles/CLionTest.elf.dir/Drivers/STM32H7xx_HAL_Driver/Src/stm32h7xx_hal_tim.c.obj
                0x0800c31a                TIM_DMADelayPulseHalfCplt
 .text.HAL_TIM_TriggerCallback
                0x0800c358        0x2 CMakeFiles/CLionTest.elf.dir/Drivers/STM32H7xx_HAL_Driver/Src/stm32h7xx_hal_tim.c.obj
                0x0800c358                HAL_TIM_TriggerCallback
 .text.HAL_TIM_IRQHandler
                0x0800c35a      0x17a CMakeFiles/CLionTest.elf.dir/Drivers/STM32H7xx_HAL_Driver/Src/stm32h7xx_hal_tim.c.obj
                0x0800c35a                HAL_TIM_IRQHandler
 .text.HAL_TIM_ErrorCallback
                0x0800c4d4        0x2 CMakeFiles/CLionTest.elf.dir/Drivers/STM32H7xx_HAL_Driver/Src/stm32h7xx_hal_tim.c.obj
                0x0800c4d4                HAL_TIM_ErrorCallback
 .text.TIM_DMAError
                0x0800c4d6       0x5c CMakeFiles/CLionTest.elf.dir/Drivers/STM32H7xx_HAL_Driver/Src/stm32h7xx_hal_tim.c.obj
                0x0800c4d6                TIM_DMAError
 *fill*         0x0800c532        0x2 
 .text.TIM_Base_SetConfig
                0x0800c534      0x104 CMakeFiles/CLionTest.elf.dir/Drivers/STM32H7xx_HAL_Driver/Src/stm32h7xx_hal_tim.c.obj
                0x0800c534                TIM_Base_SetConfig
 .text.HAL_TIM_Base_Init
                0x0800c638       0x60 CMakeFiles/CLionTest.elf.dir/Drivers/STM32H7xx_HAL_Driver/Src/stm32h7xx_hal_tim.c.obj
                0x0800c638                HAL_TIM_Base_Init
 .text.HAL_TIM_PWM_Init
                0x0800c698       0x60 CMakeFiles/CLionTest.elf.dir/Drivers/STM32H7xx_HAL_Driver/Src/stm32h7xx_hal_tim.c.obj
                0x0800c698                HAL_TIM_PWM_Init
 .text.TIM_OC2_SetConfig
                0x0800c6f8       0x94 CMakeFiles/CLionTest.elf.dir/Drivers/STM32H7xx_HAL_Driver/Src/stm32h7xx_hal_tim.c.obj
                0x0800c6f8                TIM_OC2_SetConfig
 .text.HAL_TIM_PWM_ConfigChannel
                0x0800c78c      0x13a CMakeFiles/CLionTest.elf.dir/Drivers/STM32H7xx_HAL_Driver/Src/stm32h7xx_hal_tim.c.obj
                0x0800c78c                HAL_TIM_PWM_ConfigChannel
 .text.TIM_CCxChannelCmd
                0x0800c8c6       0x1e CMakeFiles/CLionTest.elf.dir/Drivers/STM32H7xx_HAL_Driver/Src/stm32h7xx_hal_tim.c.obj
                0x0800c8c6                TIM_CCxChannelCmd
 .text.HAL_TIM_PWM_Start_DMA
                0x0800c8e4      0x31c CMakeFiles/CLionTest.elf.dir/Drivers/STM32H7xx_HAL_Driver/Src/stm32h7xx_hal_tim.c.obj
                0x0800c8e4                HAL_TIM_PWM_Start_DMA
 .text.HAL_TIM_PWM_Stop_DMA
                0x0800cc00      0x130 CMakeFiles/CLionTest.elf.dir/Drivers/STM32H7xx_HAL_Driver/Src/stm32h7xx_hal_tim.c.obj
                0x0800cc00                HAL_TIM_PWM_Stop_DMA
 .text.HAL_TIMEx_MasterConfigSynchronization
                0x0800cd30       0xa0 CMakeFiles/CLionTest.elf.dir/Drivers/STM32H7xx_HAL_Driver/Src/stm32h7xx_hal_tim_ex.c.obj
                0x0800cd30                HAL_TIMEx_MasterConfigSynchronization
 .text.HAL_TIMEx_ConfigBreakDeadTime
                0x0800cdd0       0xa0 CMakeFiles/CLionTest.elf.dir/Drivers/STM32H7xx_HAL_Driver/Src/stm32h7xx_hal_tim_ex.c.obj
                0x0800cdd0                HAL_TIMEx_ConfigBreakDeadTime
 .text.HAL_TIMEx_CommutCallback
                0x0800ce70        0x2 CMakeFiles/CLionTest.elf.dir/Drivers/STM32H7xx_HAL_Driver/Src/stm32h7xx_hal_tim_ex.c.obj
                0x0800ce70                HAL_TIMEx_CommutCallback
 .text.HAL_TIMEx_BreakCallback
                0x0800ce72        0x2 CMakeFiles/CLionTest.elf.dir/Drivers/STM32H7xx_HAL_Driver/Src/stm32h7xx_hal_tim_ex.c.obj
                0x0800ce72                HAL_TIMEx_BreakCallback
 .text.HAL_TIMEx_Break2Callback
                0x0800ce74        0x2 CMakeFiles/CLionTest.elf.dir/Drivers/STM32H7xx_HAL_Driver/Src/stm32h7xx_hal_tim_ex.c.obj
                0x0800ce74                HAL_TIMEx_Break2Callback
 *fill*         0x0800ce76        0x2 
 .text.UART_EndRxTransfer
                0x0800ce78       0x58 CMakeFiles/CLionTest.elf.dir/Drivers/STM32H7xx_HAL_Driver/Src/stm32h7xx_hal_uart.c.obj
 .text.UART_SetConfig
                0x0800ced0      0x6bc CMakeFiles/CLionTest.elf.dir/Drivers/STM32H7xx_HAL_Driver/Src/stm32h7xx_hal_uart.c.obj
                0x0800ced0                UART_SetConfig
 .text.UART_AdvFeatureConfig
                0x0800d58c       0xca CMakeFiles/CLionTest.elf.dir/Drivers/STM32H7xx_HAL_Driver/Src/stm32h7xx_hal_uart.c.obj
                0x0800d58c                UART_AdvFeatureConfig
 .text.UART_WaitOnFlagUntilTimeout
                0x0800d656       0xa6 CMakeFiles/CLionTest.elf.dir/Drivers/STM32H7xx_HAL_Driver/Src/stm32h7xx_hal_uart.c.obj
                0x0800d656                UART_WaitOnFlagUntilTimeout
 .text.HAL_UART_Transmit
                0x0800d6fc       0xd0 CMakeFiles/CLionTest.elf.dir/Drivers/STM32H7xx_HAL_Driver/Src/stm32h7xx_hal_uart.c.obj
                0x0800d6fc                HAL_UART_Transmit
 .text.UART_CheckIdleState
                0x0800d7cc       0xca CMakeFiles/CLionTest.elf.dir/Drivers/STM32H7xx_HAL_Driver/Src/stm32h7xx_hal_uart.c.obj
                0x0800d7cc                UART_CheckIdleState
 .text.HAL_UART_Init
                0x0800d896       0x66 CMakeFiles/CLionTest.elf.dir/Drivers/STM32H7xx_HAL_Driver/Src/stm32h7xx_hal_uart.c.obj
                0x0800d896                HAL_UART_Init
 .text.UARTEx_SetNbDataToProcess
                0x0800d8fc       0x4c CMakeFiles/CLionTest.elf.dir/Drivers/STM32H7xx_HAL_Driver/Src/stm32h7xx_hal_uart_ex.c.obj
 .text.HAL_UARTEx_DisableFifoMode
                0x0800d948       0x3e CMakeFiles/CLionTest.elf.dir/Drivers/STM32H7xx_HAL_Driver/Src/stm32h7xx_hal_uart_ex.c.obj
                0x0800d948                HAL_UARTEx_DisableFifoMode
 .text.HAL_UARTEx_SetTxFifoThreshold
                0x0800d986       0x4a CMakeFiles/CLionTest.elf.dir/Drivers/STM32H7xx_HAL_Driver/Src/stm32h7xx_hal_uart_ex.c.obj
                0x0800d986                HAL_UARTEx_SetTxFifoThreshold
 .text.HAL_UARTEx_SetRxFifoThreshold
                0x0800d9d0       0x4a CMakeFiles/CLionTest.elf.dir/Drivers/STM32H7xx_HAL_Driver/Src/stm32h7xx_hal_uart_ex.c.obj
                0x0800d9d0                HAL_UARTEx_SetRxFifoThreshold
 *fill*         0x0800da1a        0x2 
 .text.SDMMC_GetCmdError
                0x0800da1c       0x3c CMakeFiles/CLionTest.elf.dir/Drivers/STM32H7xx_HAL_Driver/Src/stm32h7xx_ll_sdmmc.c.obj
 .text.SDMMC_Init
                0x0800da58       0x30 CMakeFiles/CLionTest.elf.dir/Drivers/STM32H7xx_HAL_Driver/Src/stm32h7xx_ll_sdmmc.c.obj
                0x0800da58                SDMMC_Init
 .text.SDMMC_ReadFIFO
                0x0800da88        0x6 CMakeFiles/CLionTest.elf.dir/Drivers/STM32H7xx_HAL_Driver/Src/stm32h7xx_ll_sdmmc.c.obj
                0x0800da88                SDMMC_ReadFIFO
 .text.SDMMC_WriteFIFO
                0x0800da8e        0xa CMakeFiles/CLionTest.elf.dir/Drivers/STM32H7xx_HAL_Driver/Src/stm32h7xx_ll_sdmmc.c.obj
                0x0800da8e                SDMMC_WriteFIFO
 .text.SDMMC_PowerState_ON
                0x0800da98        0xc CMakeFiles/CLionTest.elf.dir/Drivers/STM32H7xx_HAL_Driver/Src/stm32h7xx_ll_sdmmc.c.obj
                0x0800da98                SDMMC_PowerState_ON
 .text.SDMMC_GetPowerState
                0x0800daa4        0x8 CMakeFiles/CLionTest.elf.dir/Drivers/STM32H7xx_HAL_Driver/Src/stm32h7xx_ll_sdmmc.c.obj
                0x0800daa4                SDMMC_GetPowerState
 .text.SDMMC_SendCommand
                0x0800daac       0x24 CMakeFiles/CLionTest.elf.dir/Drivers/STM32H7xx_HAL_Driver/Src/stm32h7xx_ll_sdmmc.c.obj
                0x0800daac                SDMMC_SendCommand
 .text.SDMMC_GetCommandResponse
                0x0800dad0        0x6 CMakeFiles/CLionTest.elf.dir/Drivers/STM32H7xx_HAL_Driver/Src/stm32h7xx_ll_sdmmc.c.obj
                0x0800dad0                SDMMC_GetCommandResponse
 .text.SDMMC_GetResponse
                0x0800dad6        0x6 CMakeFiles/CLionTest.elf.dir/Drivers/STM32H7xx_HAL_Driver/Src/stm32h7xx_ll_sdmmc.c.obj
                0x0800dad6                SDMMC_GetResponse
 .text.SDMMC_ConfigData
                0x0800dadc       0x24 CMakeFiles/CLionTest.elf.dir/Drivers/STM32H7xx_HAL_Driver/Src/stm32h7xx_ll_sdmmc.c.obj
                0x0800dadc                SDMMC_ConfigData
 .text.SDMMC_CmdGoIdleState
                0x0800db00       0x26 CMakeFiles/CLionTest.elf.dir/Drivers/STM32H7xx_HAL_Driver/Src/stm32h7xx_ll_sdmmc.c.obj
                0x0800db00                SDMMC_CmdGoIdleState
 *fill*         0x0800db26        0x2 
 .text.SDMMC_GetCmdResp1
                0x0800db28      0x160 CMakeFiles/CLionTest.elf.dir/Drivers/STM32H7xx_HAL_Driver/Src/stm32h7xx_ll_sdmmc.c.obj
                0x0800db28                SDMMC_GetCmdResp1
 .text.SDMMC_CmdBlockLength
                0x0800dc88       0x32 CMakeFiles/CLionTest.elf.dir/Drivers/STM32H7xx_HAL_Driver/Src/stm32h7xx_ll_sdmmc.c.obj
                0x0800dc88                SDMMC_CmdBlockLength
 .text.SDMMC_CmdReadSingleBlock
                0x0800dcba       0x32 CMakeFiles/CLionTest.elf.dir/Drivers/STM32H7xx_HAL_Driver/Src/stm32h7xx_ll_sdmmc.c.obj
                0x0800dcba                SDMMC_CmdReadSingleBlock
 .text.SDMMC_CmdReadMultiBlock
                0x0800dcec       0x32 CMakeFiles/CLionTest.elf.dir/Drivers/STM32H7xx_HAL_Driver/Src/stm32h7xx_ll_sdmmc.c.obj
                0x0800dcec                SDMMC_CmdReadMultiBlock
 .text.SDMMC_CmdWriteSingleBlock
                0x0800dd1e       0x32 CMakeFiles/CLionTest.elf.dir/Drivers/STM32H7xx_HAL_Driver/Src/stm32h7xx_ll_sdmmc.c.obj
                0x0800dd1e                SDMMC_CmdWriteSingleBlock
 .text.SDMMC_CmdWriteMultiBlock
                0x0800dd50       0x32 CMakeFiles/CLionTest.elf.dir/Drivers/STM32H7xx_HAL_Driver/Src/stm32h7xx_ll_sdmmc.c.obj
                0x0800dd50                SDMMC_CmdWriteMultiBlock
 *fill*         0x0800dd82        0x2 
 .text.SDMMC_CmdStopTransfer
                0x0800dd84       0x58 CMakeFiles/CLionTest.elf.dir/Drivers/STM32H7xx_HAL_Driver/Src/stm32h7xx_ll_sdmmc.c.obj
                0x0800dd84                SDMMC_CmdStopTransfer
 .text.SDMMC_CmdSelDesel
                0x0800dddc       0x32 CMakeFiles/CLionTest.elf.dir/Drivers/STM32H7xx_HAL_Driver/Src/stm32h7xx_ll_sdmmc.c.obj
                0x0800dddc                SDMMC_CmdSelDesel
 .text.SDMMC_CmdAppCommand
                0x0800de0e       0x32 CMakeFiles/CLionTest.elf.dir/Drivers/STM32H7xx_HAL_Driver/Src/stm32h7xx_ll_sdmmc.c.obj
                0x0800de0e                SDMMC_CmdAppCommand
 .text.SDMMC_CmdBusWidth
                0x0800de40       0x32 CMakeFiles/CLionTest.elf.dir/Drivers/STM32H7xx_HAL_Driver/Src/stm32h7xx_ll_sdmmc.c.obj
                0x0800de40                SDMMC_CmdBusWidth
 .text.SDMMC_CmdSendSCR
                0x0800de72       0x32 CMakeFiles/CLionTest.elf.dir/Drivers/STM32H7xx_HAL_Driver/Src/stm32h7xx_ll_sdmmc.c.obj
                0x0800de72                SDMMC_CmdSendSCR
 .text.SDMMC_CmdSendStatus
                0x0800dea4       0x32 CMakeFiles/CLionTest.elf.dir/Drivers/STM32H7xx_HAL_Driver/Src/stm32h7xx_ll_sdmmc.c.obj
                0x0800dea4                SDMMC_CmdSendStatus
 .text.SDMMC_CmdStatusRegister
                0x0800ded6       0x32 CMakeFiles/CLionTest.elf.dir/Drivers/STM32H7xx_HAL_Driver/Src/stm32h7xx_ll_sdmmc.c.obj
                0x0800ded6                SDMMC_CmdStatusRegister
 .text.SDMMC_GetCmdResp2
                0x0800df08       0x60 CMakeFiles/CLionTest.elf.dir/Drivers/STM32H7xx_HAL_Driver/Src/stm32h7xx_ll_sdmmc.c.obj
                0x0800df08                SDMMC_GetCmdResp2
 .text.SDMMC_CmdSendCID
                0x0800df68       0x2c CMakeFiles/CLionTest.elf.dir/Drivers/STM32H7xx_HAL_Driver/Src/stm32h7xx_ll_sdmmc.c.obj
                0x0800df68                SDMMC_CmdSendCID
 .text.SDMMC_CmdSendCSD
                0x0800df94       0x2c CMakeFiles/CLionTest.elf.dir/Drivers/STM32H7xx_HAL_Driver/Src/stm32h7xx_ll_sdmmc.c.obj
                0x0800df94                SDMMC_CmdSendCSD
 .text.SDMMC_GetCmdResp3
                0x0800dfc0       0x50 CMakeFiles/CLionTest.elf.dir/Drivers/STM32H7xx_HAL_Driver/Src/stm32h7xx_ll_sdmmc.c.obj
                0x0800dfc0                SDMMC_GetCmdResp3
 .text.SDMMC_CmdAppOperCommand
                0x0800e010       0x2c CMakeFiles/CLionTest.elf.dir/Drivers/STM32H7xx_HAL_Driver/Src/stm32h7xx_ll_sdmmc.c.obj
                0x0800e010                SDMMC_CmdAppOperCommand
 .text.SDMMC_GetCmdResp6
                0x0800e03c       0xa4 CMakeFiles/CLionTest.elf.dir/Drivers/STM32H7xx_HAL_Driver/Src/stm32h7xx_ll_sdmmc.c.obj
                0x0800e03c                SDMMC_GetCmdResp6
 .text.SDMMC_CmdSetRelAdd
                0x0800e0e0       0x32 CMakeFiles/CLionTest.elf.dir/Drivers/STM32H7xx_HAL_Driver/Src/stm32h7xx_ll_sdmmc.c.obj
                0x0800e0e0                SDMMC_CmdSetRelAdd
 *fill*         0x0800e112        0x2 
 .text.SDMMC_GetCmdResp7
                0x0800e114       0x64 CMakeFiles/CLionTest.elf.dir/Drivers/STM32H7xx_HAL_Driver/Src/stm32h7xx_ll_sdmmc.c.obj
                0x0800e114                SDMMC_GetCmdResp7
 .text.SDMMC_CmdOperCond
                0x0800e178       0x30 CMakeFiles/CLionTest.elf.dir/Drivers/STM32H7xx_HAL_Driver/Src/stm32h7xx_ll_sdmmc.c.obj
                0x0800e178                SDMMC_CmdOperCond
 .text.MX_FATFS_Init
                0x0800e1a8       0x1c CMakeFiles/CLionTest.elf.dir/FATFS/App/fatfs.c.obj
                0x0800e1a8                MX_FATFS_Init
 .text.get_fattime
                0x0800e1c4        0x4 CMakeFiles/CLionTest.elf.dir/FATFS/App/fatfs.c.obj
                0x0800e1c4                get_fattime
 .text.BSP_SD_ReadBlocks
                0x0800e1c8       0x20 CMakeFiles/CLionTest.elf.dir/FATFS/Target/bsp_driver_sd.c.obj
                0x0800e1c8                BSP_SD_ReadBlocks
 .text.BSP_SD_WriteBlocks
                0x0800e1e8       0x20 CMakeFiles/CLionTest.elf.dir/FATFS/Target/bsp_driver_sd.c.obj
                0x0800e1e8                BSP_SD_WriteBlocks
 .text.BSP_SD_GetCardState
                0x0800e208       0x14 CMakeFiles/CLionTest.elf.dir/FATFS/Target/bsp_driver_sd.c.obj
                0x0800e208                BSP_SD_GetCardState
 .text.BSP_SD_GetCardInfo
                0x0800e21c       0x10 CMakeFiles/CLionTest.elf.dir/FATFS/Target/bsp_driver_sd.c.obj
                0x0800e21c                BSP_SD_GetCardInfo
 .text.BSP_SD_WriteCpltCallback
                0x0800e22c        0x2 CMakeFiles/CLionTest.elf.dir/FATFS/Target/bsp_driver_sd.c.obj
                0x0800e22c                BSP_SD_WriteCpltCallback
 .text.HAL_SD_TxCpltCallback
                0x0800e22e        0x8 CMakeFiles/CLionTest.elf.dir/FATFS/Target/bsp_driver_sd.c.obj
                0x0800e22e                HAL_SD_TxCpltCallback
 .text.BSP_SD_ReadCpltCallback
                0x0800e236        0x2 CMakeFiles/CLionTest.elf.dir/FATFS/Target/bsp_driver_sd.c.obj
                0x0800e236                BSP_SD_ReadCpltCallback
 .text.HAL_SD_RxCpltCallback
                0x0800e238        0x8 CMakeFiles/CLionTest.elf.dir/FATFS/Target/bsp_driver_sd.c.obj
                0x0800e238                HAL_SD_RxCpltCallback
 .text.BSP_SD_IsDetected
                0x0800e240       0x10 CMakeFiles/CLionTest.elf.dir/FATFS/Target/bsp_driver_sd.c.obj
                0x0800e240                BSP_SD_IsDetected
 .text.BSP_SD_Init
                0x0800e250       0x1c CMakeFiles/CLionTest.elf.dir/FATFS/Target/bsp_driver_sd.c.obj
                0x0800e250                BSP_SD_Init
 .text.SD_CheckStatus
                0x0800e26c       0x24 CMakeFiles/CLionTest.elf.dir/FATFS/Target/sd_diskio.c.obj
 .text.SD_initialize
                0x0800e290       0x28 CMakeFiles/CLionTest.elf.dir/FATFS/Target/sd_diskio.c.obj
                0x0800e290                SD_initialize
 .text.SD_status
                0x0800e2b8        0x8 CMakeFiles/CLionTest.elf.dir/FATFS/Target/sd_diskio.c.obj
                0x0800e2b8                SD_status
 .text.SD_read  0x0800e2c0       0x24 CMakeFiles/CLionTest.elf.dir/FATFS/Target/sd_diskio.c.obj
                0x0800e2c0                SD_read
 .text.SD_write
                0x0800e2e4       0x24 CMakeFiles/CLionTest.elf.dir/FATFS/Target/sd_diskio.c.obj
                0x0800e2e4                SD_write
 .text.SD_ioctl
                0x0800e308       0x58 CMakeFiles/CLionTest.elf.dir/FATFS/Target/sd_diskio.c.obj
                0x0800e308                SD_ioctl
 .text.disk_status
                0x0800e360       0x18 CMakeFiles/CLionTest.elf.dir/Middlewares/Third_Party/FatFs/src/diskio.c.obj
                0x0800e360                disk_status
 .text.disk_initialize
                0x0800e378       0x2c CMakeFiles/CLionTest.elf.dir/Middlewares/Third_Party/FatFs/src/diskio.c.obj
                0x0800e378                disk_initialize
 .text.disk_read
                0x0800e3a4       0x18 CMakeFiles/CLionTest.elf.dir/Middlewares/Third_Party/FatFs/src/diskio.c.obj
                0x0800e3a4                disk_read
 .text.disk_write
                0x0800e3bc       0x18 CMakeFiles/CLionTest.elf.dir/Middlewares/Third_Party/FatFs/src/diskio.c.obj
                0x0800e3bc                disk_write
 .text.disk_ioctl
                0x0800e3d4       0x18 CMakeFiles/CLionTest.elf.dir/Middlewares/Third_Party/FatFs/src/diskio.c.obj
                0x0800e3d4                disk_ioctl
 .text.ld_word  0x0800e3ec        0xa CMakeFiles/CLionTest.elf.dir/Middlewares/Third_Party/FatFs/src/ff.c.obj
 .text.ld_dword
                0x0800e3f6       0x16 CMakeFiles/CLionTest.elf.dir/Middlewares/Third_Party/FatFs/src/ff.c.obj
 .text.ld_qword
                0x0800e40c       0x44 CMakeFiles/CLionTest.elf.dir/Middlewares/Third_Party/FatFs/src/ff.c.obj
 .text.st_word  0x0800e450        0x8 CMakeFiles/CLionTest.elf.dir/Middlewares/Third_Party/FatFs/src/ff.c.obj
 .text.st_dword
                0x0800e458       0x14 CMakeFiles/CLionTest.elf.dir/Middlewares/Third_Party/FatFs/src/ff.c.obj
 .text.st_qword
                0x0800e46c       0x26 CMakeFiles/CLionTest.elf.dir/Middlewares/Third_Party/FatFs/src/ff.c.obj
 .text.mem_cpy  0x0800e492       0x14 CMakeFiles/CLionTest.elf.dir/Middlewares/Third_Party/FatFs/src/ff.c.obj
 .text.mem_set  0x0800e4a6        0xa CMakeFiles/CLionTest.elf.dir/Middlewares/Third_Party/FatFs/src/ff.c.obj
 .text.mem_cmp  0x0800e4b0       0x1a CMakeFiles/CLionTest.elf.dir/Middlewares/Third_Party/FatFs/src/ff.c.obj
 .text.chk_chr  0x0800e4ca       0x10 CMakeFiles/CLionTest.elf.dir/Middlewares/Third_Party/FatFs/src/ff.c.obj
 *fill*         0x0800e4da        0x2 
 .text.chk_lock
                0x0800e4dc       0x7c CMakeFiles/CLionTest.elf.dir/Middlewares/Third_Party/FatFs/src/ff.c.obj
 .text.enq_lock
                0x0800e558       0x20 CMakeFiles/CLionTest.elf.dir/Middlewares/Third_Party/FatFs/src/ff.c.obj
 .text.inc_lock
                0x0800e578       0xa4 CMakeFiles/CLionTest.elf.dir/Middlewares/Third_Party/FatFs/src/ff.c.obj
 .text.dec_lock
                0x0800e61c       0x40 CMakeFiles/CLionTest.elf.dir/Middlewares/Third_Party/FatFs/src/ff.c.obj
 .text.clear_lock
                0x0800e65c       0x38 CMakeFiles/CLionTest.elf.dir/Middlewares/Third_Party/FatFs/src/ff.c.obj
 .text.clust2sect
                0x0800e694       0x18 CMakeFiles/CLionTest.elf.dir/Middlewares/Third_Party/FatFs/src/ff.c.obj
 .text.clmt_clust
                0x0800e6ac       0x42 CMakeFiles/CLionTest.elf.dir/Middlewares/Third_Party/FatFs/src/ff.c.obj
 .text.ld_clust
                0x0800e6ee       0x26 CMakeFiles/CLionTest.elf.dir/Middlewares/Third_Party/FatFs/src/ff.c.obj
 .text.st_clust
                0x0800e714       0x26 CMakeFiles/CLionTest.elf.dir/Middlewares/Third_Party/FatFs/src/ff.c.obj
 *fill*         0x0800e73a        0x2 
 .text.pick_lfn
                0x0800e73c       0x84 CMakeFiles/CLionTest.elf.dir/Middlewares/Third_Party/FatFs/src/ff.c.obj
 .text.put_lfn  0x0800e7c0       0x78 CMakeFiles/CLionTest.elf.dir/Middlewares/Third_Party/FatFs/src/ff.c.obj
 .text.gen_numname
                0x0800e838       0xaa CMakeFiles/CLionTest.elf.dir/Middlewares/Third_Party/FatFs/src/ff.c.obj
 .text.sum_sfn  0x0800e8e2       0x20 CMakeFiles/CLionTest.elf.dir/Middlewares/Third_Party/FatFs/src/ff.c.obj
 .text.xdir_sum
                0x0800e902       0x32 CMakeFiles/CLionTest.elf.dir/Middlewares/Third_Party/FatFs/src/ff.c.obj
 .text.get_ldnumber
                0x0800e934       0x48 CMakeFiles/CLionTest.elf.dir/Middlewares/Third_Party/FatFs/src/ff.c.obj
 .text.validate
                0x0800e97c       0x46 CMakeFiles/CLionTest.elf.dir/Middlewares/Third_Party/FatFs/src/ff.c.obj
 .text.sync_window
                0x0800e9c2       0x54 CMakeFiles/CLionTest.elf.dir/Middlewares/Third_Party/FatFs/src/ff.c.obj
 .text.move_window
                0x0800ea16       0x36 CMakeFiles/CLionTest.elf.dir/Middlewares/Third_Party/FatFs/src/ff.c.obj
 .text.check_fs
                0x0800ea4c       0x8c CMakeFiles/CLionTest.elf.dir/Middlewares/Third_Party/FatFs/src/ff.c.obj
 .text.find_volume
                0x0800ead8      0x4b8 CMakeFiles/CLionTest.elf.dir/Middlewares/Third_Party/FatFs/src/ff.c.obj
 .text.find_bitmap
                0x0800ef90       0x96 CMakeFiles/CLionTest.elf.dir/Middlewares/Third_Party/FatFs/src/ff.c.obj
 .text.change_bitmap
                0x0800f026       0x7e CMakeFiles/CLionTest.elf.dir/Middlewares/Third_Party/FatFs/src/ff.c.obj
 .text.put_fat  0x0800f0a4      0x15a CMakeFiles/CLionTest.elf.dir/Middlewares/Third_Party/FatFs/src/ff.c.obj
 .text.fill_last_frag
                0x0800f1fe       0x30 CMakeFiles/CLionTest.elf.dir/Middlewares/Third_Party/FatFs/src/ff.c.obj
 .text.fill_first_frag
                0x0800f22e       0x32 CMakeFiles/CLionTest.elf.dir/Middlewares/Third_Party/FatFs/src/ff.c.obj
 .text.get_fat  0x0800f260      0x1a8 CMakeFiles/CLionTest.elf.dir/Middlewares/Third_Party/FatFs/src/ff.c.obj
 .text.dir_sdi  0x0800f408       0xd6 CMakeFiles/CLionTest.elf.dir/Middlewares/Third_Party/FatFs/src/ff.c.obj
 .text.create_chain
                0x0800f4de      0x182 CMakeFiles/CLionTest.elf.dir/Middlewares/Third_Party/FatFs/src/ff.c.obj
 .text.remove_chain
                0x0800f660       0xfe CMakeFiles/CLionTest.elf.dir/Middlewares/Third_Party/FatFs/src/ff.c.obj
 .text.dir_next
                0x0800f75e      0x132 CMakeFiles/CLionTest.elf.dir/Middlewares/Third_Party/FatFs/src/ff.c.obj
 .text.load_xdir
                0x0800f890       0xf0 CMakeFiles/CLionTest.elf.dir/Middlewares/Third_Party/FatFs/src/ff.c.obj
 .text.load_obj_dir
                0x0800f980       0x32 CMakeFiles/CLionTest.elf.dir/Middlewares/Third_Party/FatFs/src/ff.c.obj
 .text.dir_read
                0x0800f9b2       0xe6 CMakeFiles/CLionTest.elf.dir/Middlewares/Third_Party/FatFs/src/ff.c.obj
 .text.dir_alloc